Component: ARM Compiler 5.06 update 5 (build 528) Tool: armlink [4d35e2]

==============================================================================

Section Cross References

    startup_stm32f10x_md.o(STACK) refers (Special) to heapauxi.o(.text) for __use_two_region_memory
    startup_stm32f10x_md.o(HEAP) refers (Special) to heapauxi.o(.text) for __use_two_region_memory
    startup_stm32f10x_md.o(RESET) refers (Special) to heapauxi.o(.text) for __use_two_region_memory
    startup_stm32f10x_md.o(RESET) refers to startup_stm32f10x_md.o(STACK) for __initial_sp
    startup_stm32f10x_md.o(RESET) refers to startup_stm32f10x_md.o(.text) for Reset_Handler
    startup_stm32f10x_md.o(RESET) refers to stm32f10x_it.o(i.NMI_Handler) for NMI_Handler
    startup_stm32f10x_md.o(RESET) refers to stm32f10x_it.o(i.HardFault_Handler) for HardFault_Handler
    startup_stm32f10x_md.o(RESET) refers to stm32f10x_it.o(i.MemManage_Handler) for MemManage_Handler
    startup_stm32f10x_md.o(RESET) refers to stm32f10x_it.o(i.BusFault_Handler) for BusFault_Handler
    startup_stm32f10x_md.o(RESET) refers to stm32f10x_it.o(i.UsageFault_Handler) for UsageFault_Handler
    startup_stm32f10x_md.o(RESET) refers to stm32f10x_it.o(i.SVC_Handler) for SVC_Handler
    startup_stm32f10x_md.o(RESET) refers to stm32f10x_it.o(i.DebugMon_Handler) for DebugMon_Handler
    startup_stm32f10x_md.o(RESET) refers to stm32f10x_it.o(i.PendSV_Handler) for PendSV_Handler
    startup_stm32f10x_md.o(RESET) refers to stm32f10x_it.o(i.SysTick_Handler) for SysTick_Handler
    startup_stm32f10x_md.o(RESET) refers to key.o(i.TIM2_IRQHandler) for TIM2_IRQHandler
    startup_stm32f10x_md.o(RESET) refers to operatingsystem.o(i.EXTI15_10_IRQHandler) for EXTI15_10_IRQHandler
    startup_stm32f10x_md.o(.text) refers (Special) to heapauxi.o(.text) for __use_two_region_memory
    startup_stm32f10x_md.o(.text) refers to system_stm32f10x.o(i.SystemInit) for SystemInit
    startup_stm32f10x_md.o(.text) refers to __main.o(!!!main) for __main
    startup_stm32f10x_md.o(.text) refers to startup_stm32f10x_md.o(HEAP) for Heap_Mem
    startup_stm32f10x_md.o(.text) refers to startup_stm32f10x_md.o(STACK) for Stack_Mem
    system_stm32f10x.o(i.SetSysClock) refers to system_stm32f10x.o(i.SetSysClockTo72) for SetSysClockTo72
    system_stm32f10x.o(i.SystemCoreClockUpdate) refers to system_stm32f10x.o(.data) for SystemCoreClock
    system_stm32f10x.o(i.SystemInit) refers to system_stm32f10x.o(i.SetSysClock) for SetSysClock
    stm32f10x_adc.o(i.ADC_DeInit) refers to stm32f10x_rcc.o(i.RCC_APB2PeriphResetCmd) for RCC_APB2PeriphResetCmd
    stm32f10x_bkp.o(i.BKP_DeInit) refers to stm32f10x_rcc.o(i.RCC_BackupResetCmd) for RCC_BackupResetCmd
    stm32f10x_can.o(i.CAN_DeInit) refers to stm32f10x_rcc.o(i.RCC_APB1PeriphResetCmd) for RCC_APB1PeriphResetCmd
    stm32f10x_can.o(i.CAN_GetITStatus) refers to stm32f10x_can.o(i.CheckITStatus) for CheckITStatus
    stm32f10x_cec.o(i.CEC_DeInit) refers to stm32f10x_rcc.o(i.RCC_APB1PeriphResetCmd) for RCC_APB1PeriphResetCmd
    stm32f10x_dac.o(i.DAC_DeInit) refers to stm32f10x_rcc.o(i.RCC_APB1PeriphResetCmd) for RCC_APB1PeriphResetCmd
    stm32f10x_flash.o(i.FLASH_EnableWriteProtection) refers to stm32f10x_flash.o(i.FLASH_WaitForLastOperation) for FLASH_WaitForLastOperation
    stm32f10x_flash.o(i.FLASH_EraseAllBank1Pages) refers to stm32f10x_flash.o(i.FLASH_WaitForLastBank1Operation) for FLASH_WaitForLastBank1Operation
    stm32f10x_flash.o(i.FLASH_EraseAllPages) refers to stm32f10x_flash.o(i.FLASH_WaitForLastOperation) for FLASH_WaitForLastOperation
    stm32f10x_flash.o(i.FLASH_EraseOptionBytes) refers to stm32f10x_flash.o(i.FLASH_GetReadOutProtectionStatus) for FLASH_GetReadOutProtectionStatus
    stm32f10x_flash.o(i.FLASH_EraseOptionBytes) refers to stm32f10x_flash.o(i.FLASH_WaitForLastOperation) for FLASH_WaitForLastOperation
    stm32f10x_flash.o(i.FLASH_ErasePage) refers to stm32f10x_flash.o(i.FLASH_WaitForLastOperation) for FLASH_WaitForLastOperation
    stm32f10x_flash.o(i.FLASH_ProgramHalfWord) refers to stm32f10x_flash.o(i.FLASH_WaitForLastOperation) for FLASH_WaitForLastOperation
    stm32f10x_flash.o(i.FLASH_ProgramOptionByteData) refers to stm32f10x_flash.o(i.FLASH_WaitForLastOperation) for FLASH_WaitForLastOperation
    stm32f10x_flash.o(i.FLASH_ProgramWord) refers to stm32f10x_flash.o(i.FLASH_WaitForLastOperation) for FLASH_WaitForLastOperation
    stm32f10x_flash.o(i.FLASH_ReadOutProtection) refers to stm32f10x_flash.o(i.FLASH_WaitForLastOperation) for FLASH_WaitForLastOperation
    stm32f10x_flash.o(i.FLASH_UserOptionByteConfig) refers to stm32f10x_flash.o(i.FLASH_WaitForLastOperation) for FLASH_WaitForLastOperation
    stm32f10x_flash.o(i.FLASH_WaitForLastBank1Operation) refers to stm32f10x_flash.o(i.FLASH_GetBank1Status) for FLASH_GetBank1Status
    stm32f10x_flash.o(i.FLASH_WaitForLastOperation) refers to stm32f10x_flash.o(i.FLASH_GetBank1Status) for FLASH_GetBank1Status
[...]
    ../clib/libinit.s                        0x00000000   Number         0  libinit.o ABSOLUTE
    ../clib/libinit.s                        0x00000000   Number         0  libshutdown2.o ABSOLUTE
    ../clib/libinit.s                        0x00000000   Number         0  libshutdown.o ABSOLUTE
    ../clib/memcpset.s                       0x00000000   Number         0  rt_memcpy_v6.o ABSOLUTE
    ../clib/memcpset.s                       0x00000000   Number         0  rt_memcpy_w.o ABSOLUTE
    ../clib/signal.c                         0x00000000   Number         0  defsig_rtmem_formal.o ABSOLUTE
    ../clib/signal.c                         0x00000000   Number         0  __raise.o ABSOLUTE
    ../clib/signal.c                         0x00000000   Number         0  defsig_rtmem_outer.o ABSOLUTE
    ../clib/signal.c                         0x00000000   Number         0  defsig_exit.o ABSOLUTE
    ../clib/signal.c                         0x00000000   Number         0  defsig_rtmem_inner.o ABSOLUTE
    ../clib/signal.c                         0x00000000   Number         0  defsig_general.o ABSOLUTE
    ../clib/signal.c                         0x00000000   Number         0  defsig_cppl_inner.o ABSOLUTE
    ../clib/signal.c                         0x00000000   Number         0  defsig_abrt_inner.o ABSOLUTE
    ../clib/signal.c                         0x00000000   Number         0  defsig_fpe_inner.o ABSOLUTE
    ../clib/signal.c                         0x00000000   Number         0  defsig_rtred_inner.o ABSOLUTE
    ../clib/signal.c                         0x00000000   Number         0  defsig_stak_inner.o ABSOLUTE
    ../clib/signal.c                         0x00000000   Number         0  defsig_pvfn_inner.o ABSOLUTE
    ../clib/signal.c                         0x00000000   Number         0  defsig_segv_inner.o ABSOLUTE
    ../clib/signal.c                         0x00000000   Number         0  defsig_other.o ABSOLUTE
    ../clib/signal.s                         0x00000000   Number         0  defsig.o ABSOLUTE
    ../clib/stdlib.c                         0x00000000   Number         0  exit.o ABSOLUTE
    ../fplib/ffixu.s                         0x00000000   Number         0  ffixu.o ABSOLUTE
    ../fplib/fmul.s                          0x00000000   Number         0  fmul.o ABSOLUTE
    ../fplib/fnaninf.s                       0x00000000   Number         0  fnaninf.o ABSOLUTE
    ../fplib/fpinit.s                        0x00000000   Number         0  fpinit.o ABSOLUTE
    ../fplib/fretinf.s                       0x00000000   Number         0  fretinf.o ABSOLUTE
    ../fplib/usenofp.s                       0x00000000   Number         0  usenofp.o ABSOLUTE
    Hardware\BlueTooth.c                     0x00000000   Number         0  bluetooth.o ABSOLUTE
    Hardware\Flash.c                         0x00000000   Number         0  flash.o ABSOLUTE
    Hardware\Key.c                           0x00000000   Number         0  key.o ABSOLUTE
    Hardware\lcd.c                           0x00000000   Number         0  lcd.o ABSOLUTE
    Hardware\lcd_init.c                      0x00000000   Number         0  lcd_init.o ABSOLUTE
    Library\misc.c                           0x00000000   Number         0  misc.o ABSOLUTE
    Library\stm32f10x_adc.c                  0x00000000   Number         0  stm32f10x_adc.o ABSOLUTE
    Library\stm32f10x_bkp.c                  0x00000000   Number         0  stm32f10x_bkp.o ABSOLUTE
    Library\stm32f10x_can.c                  0x00000000   Number         0  stm32f10x_can.o ABSOLUTE
    Library\stm32f10x_cec.c                  0x00000000   Number         0  stm32f10x_cec.o ABSOLUTE
    Library\stm32f10x_crc.c                  0x00000000   Number         0  stm32f10x_crc.o ABSOLUTE
    Library\stm32f10x_dac.c                  0x00000000   Number         0  stm32f10x_dac.o ABSOLUTE
    Library\stm32f10x_dbgmcu.c               0x00000000   Number         0  stm32f10x_dbgmcu.o ABSOLUTE
    Library\stm32f10x_dma.c                  0x00000000   Number         0  stm32f10x_dma.o ABSOLUTE
    Library\stm32f10x_exti.c                 0x00000000   Number         0  stm32f10x_exti.o ABSOLUTE
    Library\stm32f10x_flash.c                0x00000000   Number         0  stm32f10x_flash.o ABSOLUTE
    Library\stm32f10x_fsmc.c                 0x00000000   Number         0  stm32f10x_fsmc.o ABSOLUTE
    Library\stm32f10x_gpio.c                 0x00000000   Number         0  stm32f10x_gpio.o ABSOLUTE
    Library\stm32f10x_i2c.c                  0x00000000   Number         0  stm32f10x_i2c.o ABSOLUTE
    Library\stm32f10x_iwdg.c                 0x00000000   Number         0  stm32f10x_iwdg.o ABSOLUTE
    Library\stm32f10x_pwr.c                  0x00000000   Number         0  stm32f10x_pwr.o ABSOLUTE
    Library\stm32f10x_rcc.c                  0x00000000   Number         0  stm32f10x_rcc.o ABSOLUTE
    Library\stm32f10x_rtc.c                  0x00000000   Number         0  stm32f10x_rtc.o ABSOLUTE
    Library\stm32f10x_sdio.c                 0x00000000   Number         0  stm32f10x_sdio.o ABSOLUTE
    Library\stm32f10x_spi.c                  0x00000000   Number         0  stm32f10x_spi.o ABSOLUTE
    Library\stm32f10x_tim.c                  0x00000000   Number         0  stm32f10x_tim.o ABSOLUTE
    Library\stm32f10x_usart.c                0x00000000   Number         0  stm32f10x_usart.o ABSOLUTE
    Library\stm32f10x_wwdg.c                 0x00000000   Number         0  stm32f10x_wwdg.o ABSOLUTE
    Manager\OperatingSystem.c                0x00000000   Number         0  operatingsystem.o ABSOLUTE
    Manager\ShowChinese.c                    0x00000000   Number         0  showchinese.o ABSOLUTE
    Manager\StoreSystem.c                    0x00000000   Number         0  storesystem.o ABSOLUTE
    Start\\core_cm3.c                        0x00000000   Number         0  core_cm3.o ABSOLUTE
    Start\core_cm3.c                         0x00000000   Number         0  core_cm3.o ABSOLUTE
    Start\startup_stm32f10x_md.s             0x00000000   Number         0  startup_stm32f10x_md.o ABSOLUTE
    Start\system_stm32f10x.c                 0x00000000   Number         0  system_stm32f10x.o ABSOLUTE
    System\delay.c                           0x00000000   Number         0  delay.o ABSOLUTE
    System\dma.c                             0x00000000   Number         0  dma.o ABSOLUTE
    System\spi.c                             0x00000000   Number         0  spi.o ABSOLUTE
    System\sys.c                             0x00000000   Number         0  sys.o ABSOLUTE
    System\usart.c                           0x00000000   Number         0  usart.o ABSOLUTE
    User\main.c                              0x00000000   Number         0  main.o ABSOLUTE
    User\stm32f10x_it.c                      0x00000000   Number         0  stm32f10x_it.o ABSOLUTE
    dc.s                                     0x00000000   Number         0  dc.o ABSOLUTE
    RESET                                    0x08000000   Section      236  startup_stm32f10x_md.o(RESET)
    !!!main                                  0x080000ec   Section        8  __main.o(!!!main)
    !!!scatter                               0x080000f4   Section       52  __scatter.o(!!!scatter)
    !!handler_copy                           0x08000128   Section       26  __scatter_copy.o(!!handler_copy)
    !!handler_zi                             0x08000144   Section       28  __scatter_zi.o(!!handler_zi)
    .ARM.Collect$$libinit$$00000000          0x08000160   Section        2  libinit.o(.ARM.Collect$$libinit$$00000000)
    .ARM.Collect$$libinit$$00000002          0x08000162   Section        0  libinit2.o(.ARM.Collect$$libinit$$00000002)
    .ARM.Collect$$libinit$$00000004          0x08000162   Section        0  libinit2.o(.ARM.Collect$$libinit$$00000004)
    .ARM.Collect$$libinit$$00000005          0x08000162   Section        8  libinit2.o(.ARM.Collect$$libinit$$00000005)
    .ARM.Collect$$libinit$$0000000A          0x0800016a   Section        0  libinit2.o(.ARM.Collect$$libinit$$0000000A)
    .ARM.Collect$$libinit$$0000000C          0x0800016a   Section        0  libinit2.o(.ARM.Collect$$libinit$$0000000C)
    .ARM.Collect$$libinit$$0000000E          0x0800016a   Section        0  libinit2.o(.ARM.Collect$$libinit$$0000000E)
    .ARM.Collect$$libinit$$00000011          0x0800016a   Section        0  libinit2.o(.ARM.Collect$$libinit$$00000011)
    .ARM.Collect$$libinit$$00000013          0x0800016a   Section        0  libinit2.o(.ARM.Collect$$libinit$$00000013)
    .ARM.Collect$$libinit$$00000015          0x0800016a   Section        0  libinit2.o(.ARM.Collect$$libinit$$00000015)
    .ARM.Collect$$libinit$$00000017          0x0800016a   Section        0  libinit2.o(.ARM.Collect$$libinit$$00000017)
    .ARM.Collect$$libinit$$00000019          0x0800016a   Section        0  libinit2.o(.ARM.Collect$$libinit$$00000019)
    .ARM.Collect$$libinit$$0000001B          0x0800016a   Section        0  libinit2.o(.ARM.Collect$$libinit$$0000001B)
    .ARM.Collect$$libinit$$0000001D          0x0800016a   Section        0  libinit2.o(.ARM.Collect$$libinit$$0000001D)
    .ARM.Collect$$libinit$$0000001F          0x0800016a   Section        0  libinit2.o(.ARM.Collect$$libinit$$0000001F)
    .ARM.Collect$$libinit$$00000021          0x0800016a   Section        0  libinit2.o(.ARM.Collect$$libinit$$00000021)
    .ARM.Collect$$libinit$$00000023          0x0800016a   Section        0  libinit2.o(.ARM.Collect$$libinit$$00000023)
    .ARM.Collect$$libinit$$00000025          0x0800016a   Section        0  libinit2.o(.ARM.Collect$$libinit$$00000025)
    .ARM.Collect$$libinit$$0000002C          0x0800016a   Section        0  libinit2.o(.ARM.Collect$$libinit$$0000002C)
    .ARM.Collect$$libinit$$0000002E          0x0800016a   Section        0  libinit2.o(.ARM.Collect$$libinit$$0000002E)
    .ARM.Collect$$libinit$$00000030          0x0800016a   Section        0  libinit2.o(.ARM.Collect$$libinit$$00000030)
    .ARM.Collect$$libinit$$00000032          0x0800016a   Section        0  libinit2.o(.ARM.Collect$$libinit$$00000032)
    .ARM.Collect$$libinit$$00000033          0x0800016a   Section        2  libinit2.o(.ARM.Collect$$libinit$$00000033)
    .ARM.Collect$$libshutdown$$00000000      0x0800016c   Section        2  libshutdown.o(.ARM.Collect$$libshutdown$$00000000)
    .ARM.Collect$$libshutdown$$00000002      0x0800016e   Section        0  libshutdown2.o(.ARM.Collect$$libshutdown$$00000002)
    .ARM.Collect$$libshutdown$$00000004      0x0800016e   Section        0  libshutdown2.o(.ARM.Collect$$libshutdown$$00000004)
    .ARM.Collect$$libshutdown$$00000007      0x0800016e   Section        0  libshutdown2.o(.ARM.Collect$$libshutdown$$00000007)
    .ARM.Collect$$libshutdown$$0000000A      0x0800016e   Section        0  libshutdown2.o(.ARM.Collect$$libshutdown$$0000000A)
    .ARM.Collect$$libshutdown$$0000000C      0x0800016e   Section        0  libshutdown2.o(.ARM.Collect$$libshutdown$$0000000C)
    .ARM.Collect$$libshutdown$$0000000F      0x0800016e   Section        0  libshutdown2.o(.ARM.Collect$$libshutdown$$0000000F)
    .ARM.Collect$$libshutdown$$00000010      0x0800016e   Section        2  libshutdown2.o(.ARM.Collect$$libshutdown$$00000010)
    .ARM.Collect$$rtentry$$00000000          0x08000170   Section        0  __rtentry.o(.ARM.Collect$$rtentry$$00000000)
    .ARM.Collect$$rtentry$$00000002          0x08000170   Section        0  __rtentry2.o(.ARM.Collect$$rtentry$$00000002)
    .ARM.Collect$$rtentry$$00000004          0x08000170   Section        6  __rtentry4.o(.ARM.Collect$$rtentry$$00000004)
    .ARM.Collect$$rtentry$$00000009          0x08000176   Section        0  __rtentry2.o(.ARM.Collect$$rtentry$$00000009)
    .ARM.Collect$$rtentry$$0000000A          0x08000176   Section        4  __rtentry2.o(.ARM.Collect$$rtentry$$0000000A)
    .ARM.Collect$$rtentry$$0000000C          0x0800017a   Section        0  __rtentry2.o(.ARM.Collect$$rtentry$$0000000C)
    .ARM.Collect$$rtentry$$0000000D          0x0800017a   Section        8  __rtentry2.o(.ARM.Collect$$rtentry$$0000000D)
    .ARM.Collect$$rtexit$$00000000           0x08000182   Section        2  rtexit.o(.ARM.Collect$$rtexit$$00000000)
    .ARM.Collect$$rtexit$$00000002           0x08000184   Section        0  rtexit2.o(.ARM.Collect$$rtexit$$00000002)
    .ARM.Collect$$rtexit$$00000003           0x08000184   Section        4  rtexit2.o(.ARM.Collect$$rtexit$$00000003)
    .ARM.Collect$$rtexit$$00000004           0x08000188   Section        6  rtexit2.o(.ARM.Collect$$rtexit$$00000004)
    .emb_text                                0x08000190   Section        0  maybetermalloc1.o(.emb_text)
    .text                                    0x08000190   Section       64  startup_stm32f10x_md.o(.text)
    .text                                    0x080001d0   Section        0  h1_alloc.o(.text)
    .text                                    0x0800022e   Section        0  h1_free.o(.text)
    .text                                    0x0800027c   Section      138  rt_memcpy_v6.o(.text)
    .text                                    0x08000306   Section      100  rt_memcpy_w.o(.text)
    .text                                    0x0800036a   Section        0  heapauxi.o(.text)
    .text                                    0x08000370   Section        8  rt_heap_descriptor_intlibspace.o(.text)
    .text                                    0x08000378   Section        0  hguard.o(.text)
    .text                                    0x0800037c   Section        0  init_alloc.o(.text)
    .text                                    0x08000406   Section        0  h1_init.o(.text)
    .text                                    0x08000414   Section        8  libspace.o(.text)
    .text                                    0x0800041c   Section        0  h1_extend.o(.text)
    .text                                    0x08000450   Section        0  defsig_rtmem_outer.o(.text)
    .text                                    0x0800045e   Section        2  use_no_semi.o(.text)
    .text                                    0x08000460   Section       74  sys_stackheap_outer.o(.text)
    .text                                    0x08000460   Section        0  indicate_semi.o(.text)
    .text                                    0x080004aa   Section        0  exit.o(.text)
    .text                                    0x080004bc   Section        0  defsig_exit.o(.text)
    .text                                    0x080004c8   Section        0  defsig_rtmem_inner.o(.text)
    .text                                    0x08000518   Section        0  sys_exit.o(.text)
    .text                                    0x08000524   Section        0  defsig_general.o(.text)
    .text                                    0x08000556   Section        0  sys_wrch.o(.text)
    i.Action_BlueToothMain                   0x08000564   Section        0  operatingsystem.o(i.Action_BlueToothMain)
    i.Action_BlueToothTransmit               0x08000658   Section        0  operatingsystem.o(i.Action_BlueToothTransmit)
    i.Action_CardBack                        0x08000714   Section        0  operatingsystem.o(i.Action_CardBack)
    i.Action_CardEnd                         0x08000894   Section        0  operatingsystem.o(i.Action_CardEnd)
    i.Action_CardFace                        0x080008d4   Section        0  operatingsystem.o(i.Action_CardFace)
    i.Action_DeveloperMode                   0x08000b5c   Section        0  operatingsystem.o(i.Action_DeveloperMode)
    i.Action_LockMain                        0x08000bb8   Section        0  operatingsystem.o(i.Action_LockMain)
    i.Action_Settings                        0x08000cb4   Section        0  operatingsystem.o(i.Action_Settings)
    i.BlueTooth_Init                         0x08000ef4   Section        0  bluetooth.o(i.BlueTooth_Init)
    i.BlueTooth_IsConnected                  0x08000fe0   Section        0  bluetooth.o(i.BlueTooth_IsConnected)
    i.BlueTooth_Print                        0x08000ffc   Section        0  bluetooth.o(i.BlueTooth_Print)
    i.BlueTooth_Scanf                        0x0800103c   Section        0  bluetooth.o(i.BlueTooth_Scanf)
    i.BusFault_Handler                       0x0800108c   Section        0  stm32f10x_it.o(i.BusFault_Handler)
    i.CalculatePriority                      0x08001090   Section        0  storesystem.o(i.CalculatePriority)
    i.DMA_ClearFlag                          0x080010ac   Section        0  stm32f10x_dma.o(i.DMA_ClearFlag)
    i.DMA_Cmd                                0x080010c8   Section        0  stm32f10x_dma.o(i.DMA_Cmd)
    i.DMA_DeInit                             0x080010e0   Section        0  stm32f10x_dma.o(i.DMA_DeInit)
    i.DMA_GetFlagStatus                      0x0800122c   Section        0  stm32f10x_dma.o(i.DMA_GetFlagStatus)
    i.DMA_Init                               0x08001258   Section        0  stm32f10x_dma.o(i.DMA_Init)
    i.DMA_SetCurrDataCounter                 0x08001294   Section        0  stm32f10x_dma.o(i.DMA_SetCurrDataCounter)
    i.DebugMon_Handler                       0x08001298   Section        0  stm32f10x_it.o(i.DebugMon_Handler)
    i.Draw_Triangle                          0x0800129c   Section        0  lcd.o(i.Draw_Triangle)
    i.EXTI15_10_IRQHandler                   0x08001420   Section        0  operatingsystem.o(i.EXTI15_10_IRQHandler)
    i.EXTI_ClearITPendingBit                 0x080014e8   Section        0  stm32f10x_exti.o(i.EXTI_ClearITPendingBit)
    i.EXTI_GetITStatus                       0x080014f4   Section        0  stm32f10x_exti.o(i.EXTI_GetITStatus)
    i.EXTI_Init                              0x0800151c   Section        0  stm32f10x_exti.o(i.EXTI_Init)
    i.Flash_EraseSector                      0x080015b0   Section        0  flash.o(i.Flash_EraseSector)
    i.Flash_EraseSecurity                    0x080015f8   Section        0  flash.o(i.Flash_EraseSecurity)
    i.Flash_Init                             0x08001640   Section        0  flash.o(i.Flash_Init)
    i.Flash_ReadBuffer                       0x080016fc   Section        0  flash.o(i.Flash_ReadBuffer)
    i.Flash_ReadSecurity                     0x08001750   Section        0  flash.o(i.Flash_ReadSecurity)
    i.Flash_SendByte                         0x080017ac   Section        0  flash.o(i.Flash_SendByte)
    i.Flash_WaitForWriteEnd                  0x080017e4   Section        0  flash.o(i.Flash_WaitForWriteEnd)
    i.Flash_Wakeup                           0x0800181c   Section        0  flash.o(i.Flash_Wakeup)
    i.Flash_WriteBuffer                      0x08001840   Section        0  flash.o(i.Flash_WriteBuffer)
    i.Flash_WriteEnable                      0x08001970   Section        0  flash.o(i.Flash_WriteEnable)
    i.Flash_WritePage                        0x08001994   Section        0  flash.o(i.Flash_WritePage)
    i.Flash_WriteSecurity                    0x080019f8   Section        0  flash.o(i.Flash_WriteSecurity)
    i.GPIO_EXTILineConfig                    0x08001a54   Section        0  stm32f10x_gpio.o(i.GPIO_EXTILineConfig)
    i.GPIO_Init                              0x08001a94   Section        0  stm32f10x_gpio.o(i.GPIO_Init)
    i.GPIO_ReadInputDataBit                  0x08001baa   Section        0  stm32f10x_gpio.o(i.GPIO_ReadInputDataBit)
    i.GPIO_ResetBits                         0x08001bbc   Section        0  stm32f10x_gpio.o(i.GPIO_ResetBits)
    i.GPIO_SetBits                           0x08001bc0   Section        0  stm32f10x_gpio.o(i.GPIO_SetBits)
    i.HardFault_Handler                      0x08001bc4   Section        0  stm32f10x_it.o(i.HardFault_Handler)
    i.Key_Init                               0x08001bc8   Section        0  key.o(i.Key_Init)
    i.LCD_Address_Set                        0x08001c70   Section        0  lcd_init.o(i.LCD_Address_Set)
    i.LCD_DrawLine                           0x08001cb2   Section        0  lcd.o(i.LCD_DrawLine)
    i.LCD_DrawPoint                          0x08001d5e   Section        0  lcd.o(i.LCD_DrawPoint)
    i.LCD_Fill                               0x08001d7c   Section        0  lcd.o(i.LCD_Fill)
    i.LCD_GPIO_Init                          0x08001e3c   Section        0  lcd_init.o(i.LCD_GPIO_Init)
    i.LCD_Init                               0x08001e70   Section        0  lcd_init.o(i.LCD_Init)
    i.LCD_ShowChar                           0x0800202c   Section        0  lcd.o(i.LCD_ShowChar)
    i.LCD_ShowIcon                           0x0800219c   Section        0  lcd.o(i.LCD_ShowIcon)
    i.LCD_ShowIntNum                         0x080021fa   Section        0  lcd.o(i.LCD_ShowIntNum)
    i.LCD_ShowString                         0x08002290   Section        0  lcd.o(i.LCD_ShowString)
    i.LCD_ShowString_Center                  0x080022d2   Section        0  lcd.o(i.LCD_ShowString_Center)
    i.LCD_WR_DATA                            0x08002332   Section        0  lcd_init.o(i.LCD_WR_DATA)
    i.LCD_WR_DATA8                           0x08002344   Section        0  lcd_init.o(i.LCD_WR_DATA8)
    i.LCD_WR_REG                             0x08002350   Section        0  lcd_init.o(i.LCD_WR_REG)
    i.LCD_Writ_Bus                           0x08002370   Section        0  lcd_init.o(i.LCD_Writ_Bus)
    i.MYDMA_Config1                          0x080023ac   Section        0  dma.o(i.MYDMA_Config1)
    i.MYDMA_Enable                           0x0800240c   Section        0  dma.o(i.MYDMA_Enable)
    i.MemManage_Handler                      0x08002434   Section        0  stm32f10x_it.o(i.MemManage_Handler)
    i.NMI_Handler                            0x08002438   Section        0  stm32f10x_it.o(i.NMI_Handler)
    i.NVIC_Init                              0x0800243c   Section        0  misc.o(i.NVIC_Init)
    i.NVIC_PriorityGroupConfig               0x080024ac   Section        0  misc.o(i.NVIC_PriorityGroupConfig)
    i.PendSV_Handler                         0x080024c0   Section        0  stm32f10x_it.o(i.PendSV_Handler)
    i.RCC_AHBPeriphClockCmd                  0x080024c4   Section        0  stm32f10x_rcc.o(i.RCC_AHBPeriphClockCmd)
    i.RCC_APB1PeriphClockCmd                 0x080024e4   Section        0  stm32f10x_rcc.o(i.RCC_APB1PeriphClockCmd)
    i.RCC_APB2PeriphClockCmd                 0x08002504   Section        0  stm32f10x_rcc.o(i.RCC_APB2PeriphClockCmd)
    i.RCC_GetClocksFreq                      0x08002524   Section        0  stm32f10x_rcc.o(i.RCC_GetClocksFreq)
    i.SPI1_Init                              0x080025f8   Section        0  spi.o(i.SPI1_Init)
    i.SPI_Cmd                                0x08002684   Section        0  stm32f10x_spi.o(i.SPI_Cmd)
    i.SPI_I2S_DMACmd                         0x0800269c   Section        0  stm32f10x_spi.o(i.SPI_I2S_DMACmd)
    i.SPI_I2S_GetFlagStatus                  0x080026ae   Section        0  stm32f10x_spi.o(i.SPI_I2S_GetFlagStatus)
    i.SPI_I2S_ReceiveData                    0x080026c0   Section        0  stm32f10x_spi.o(i.SPI_I2S_ReceiveData)
    i.SPI_I2S_SendData                       0x080026c6   Section        0  stm32f10x_spi.o(i.SPI_I2S_SendData)
    i.SPI_Init                               0x080026ca   Section        0  stm32f10x_spi.o(i.SPI_Init)
    i.SVC_Handler                            0x08002706   Section        0  stm32f10x_it.o(i.SVC_Handler)
    i.SetSysClock                            0x08002708   Section        0  system_stm32f10x.o(i.SetSysClock)
    SetSysClock                              0x08002709   Thumb Code     8  system_stm32f10x.o(i.SetSysClock)
    i.SetSysClockTo72                        0x08002710   Section        0  system_stm32f10x.o(i.SetSysClockTo72)
    SetSysClockTo72                          0x08002711   Thumb Code   214  system_stm32f10x.o(i.SetSysClockTo72)
    i.Set_DAYCEILING0                        0x080027f0   Section        0  operatingsystem.o(i.Set_DAYCEILING0)
    i.Set_DAYCEILING1                        0x08002822   Section        0  operatingsystem.o(i.Set_DAYCEILING1)
    i.Set_NEXTROUND0                         0x08002858   Section        0  operatingsystem.o(i.Set_NEXTROUND0)
    i.Set_NEXTROUND1                         0x08002890   Section        0  operatingsystem.o(i.Set_NEXTROUND1)
    i.ShowCharacter                          0x080028c8   Section        0  showchinese.o(i.ShowCharacter)
    i.ShowMixString                          0x08002994   Section        0  showchinese.o(i.ShowMixString)
    i.Store_CardPoolInit                     0x08002a0c   Section        0  storesystem.o(i.Store_CardPoolInit)
    i.Store_CardReload                       0x08002bcc   Section        0  storesystem.o(i.Store_CardReload)
    i.Store_ChangeCard                       0x08002c18   Section        0  storesystem.o(i.Store_ChangeCard)
    i.Store_ChangeDayCeiling                 0x08002dd0   Section        0  storesystem.o(i.Store_ChangeDayCeiling)
    i.Store_ChangeSecurity                   0x08002df0   Section        0  storesystem.o(i.Store_ChangeSecurity)
    i.Store_GetCardAddr                      0x08002e74   Section        0  storesystem.o(i.Store_GetCardAddr)
    i.Store_GetCardIndex                     0x08002ea2   Section        0  storesystem.o(i.Store_GetCardIndex)
    i.Store_GetCardTotal                     0x08002ec2   Section        0  storesystem.o(i.Store_GetCardTotal)
    i.Store_GetDayCeiling                    0x08002ee2   Section        0  storesystem.o(i.Store_GetDayCeiling)
    i.Store_GetDayFinish                     0x08002f02   Section        0  storesystem.o(i.Store_GetDayFinish)
    i.Store_GetDayStatus                     0x08002f22   Section        0  storesystem.o(i.Store_GetDayStatus)
    i.Store_SetCard                          0x08002f38   Section        0  storesystem.o(i.Store_SetCard)
    i.Store_SwitchCard                       0x08002fcc   Section        0  storesystem.o(i.Store_SwitchCard)
    i.Store_TestInit                         0x08003034   Section        0  storesystem.o(i.Store_TestInit)
    i.Store_TestInitAll                      0x0800306c   Section        0  storesystem.o(i.Store_TestInitAll)
    i.Store_WriteCardToFlash                 0x080030a4   Section        0  storesystem.o(i.Store_WriteCardToFlash)
    i.SysTick_CLKSourceConfig                0x08003114   Section        0  misc.o(i.SysTick_CLKSourceConfig)
    i.SysTick_Handler                        0x0800313c   Section        0  stm32f10x_it.o(i.SysTick_Handler)
    i.SystemInit                             0x08003140   Section        0  system_stm32f10x.o(i.SystemInit)
    i.TIM2_IRQHandler                        0x080031a0   Section        0  key.o(i.TIM2_IRQHandler)
    i.TIM_ClearFlag                          0x08003244   Section        0  stm32f10x_tim.o(i.TIM_ClearFlag)
    i.TIM_ClearITPendingBit                  0x0800324a   Section        0  stm32f10x_tim.o(i.TIM_ClearITPendingBit)
    i.TIM_Cmd                                0x08003250   Section        0  stm32f10x_tim.o(i.TIM_Cmd)
    i.TIM_GetITStatus                        0x08003268   Section        0  stm32f10x_tim.o(i.TIM_GetITStatus)
    i.TIM_ITConfig                           0x0800328a   Section        0  stm32f10x_tim.o(i.TIM_ITConfig)
    i.TIM_InternalClockConfig                0x0800329c   Section        0  stm32f10x_tim.o(i.TIM_InternalClockConfig)
    i.TIM_TimeBaseInit                       0x080032a8   Section        0  stm32f10x_tim.o(i.TIM_TimeBaseInit)
    i.USART_Cmd                              0x0800334c   Section        0  stm32f10x_usart.o(i.USART_Cmd)
    i.USART_GetFlagStatus                    0x08003364   Section        0  stm32f10x_usart.o(i.USART_GetFlagStatus)
    i.USART_Init                             0x08003380   Section        0  stm32f10x_usart.o(i.USART_Init)
    i.USART_ReceiveData                      0x08003458   Section        0  stm32f10x_usart.o(i.USART_ReceiveData)
    i.USART_SendData                         0x08003462   Section        0  stm32f10x_usart.o(i.USART_SendData)
    i.UsageFault_Handler                     0x0800346a   Section        0  stm32f10x_it.o(i.UsageFault_Handler)
    i.delay                                  0x0800346e   Section        0  lcd_init.o(i.delay)
    i.delay_init                             0x0800347c   Section        0  delay.o(i.delay_init)
    i.delay_ms                               0x080034c0   Section        0  delay.o(i.delay_ms)
    i.init                                   0x0800350c   Section        0  main.o(i.init)
    i.main                                   0x08003528   Section        0  main.o(i.main)
    i.mypow                                  0x08003664   Section        0  lcd.o(i.mypow)
    .constdata                               0x0800367c   Section    24684  lcd.o(.constdata)
    .constdata                               0x080096e8   Section       18  storesystem.o(.constdata)
    .constdata                               0x080096fa   Section     2048  operatingsystem.o(.constdata)
    .data                                    0x20000000   Section       20  system_stm32f10x.o(.data)
    .data                                    0x20000014   Section       20  stm32f10x_rcc.o(.data)
    APBAHBPrescTable                         0x20000014   Data          16  stm32f10x_rcc.o(.data)
    ADCPrescTable                            0x20000024   Data           4  stm32f10x_rcc.o(.data)
    .data                                    0x20000028   Section        4  delay.o(.data)
    fac_us                                   0x20000028   Data           1  delay.o(.data)
    fac_ms                                   0x2000002a   Data           2  delay.o(.data)
    .data                                    0x2000002c   Section        2  dma.o(.data)
    .data                                    0x2000002e   Section        4  key.o(.data)
    .data                                    0x20000032   Section        3  operatingsystem.o(.data)
    .bss                                     0x20000038   Section       44  dma.o(.bss)
    .bss                                     0x20000064   Section     8400  storesystem.o(.bss)
    .bss                                     0x20002134   Section       96  libspace.o(.bss)
    HEAP                                     0x20002198   Section      512  startup_stm32f10x_md.o(HEAP)
    Heap_Mem                                 0x20002198   Data         512  startup_stm32f10x_md.o(HEAP)
    STACK                                    0x20002398   Section     1024  startup_stm32f10x_md.o(STACK)
    Stack_Mem                                0x20002398   Data        1024  startup_stm32f10x_md.o(STACK)
    __initial_sp                             0x20002798   Data           0  startup_stm32f10x_md.o(STACK)

    Global Symbols

    Symbol Name                              Value     Ov Type        Size  Object(Section)

    BuildAttributes$$THM_ISAv4$P$D$K$B$S$PE$A:L22UL41UL21$X:L11$S22US41US21$IEEE1$IW$USESV6$~STKCKD$USESV7$~SHL$OTIME$ROPI$EBA8$UX$STANDARDLIB$REQ8$PRES8$EABIv2 0x00000000   Number         0  anon$$obj.o ABSOLUTE
    __ARM_use_no_argv                        0x00000000   Number         0  main.o ABSOLUTE
    __ARM_exceptions_init                     - Undefined Weak Reference
    __alloca_initialize                       - Undefined Weak Reference
    __arm_preinit_                            - Undefined Weak Reference
    __cpp_initialize__aeabi_                  - Undefined Weak Reference
    __cxa_finalize                            - Undefined Weak Reference
    __rt_locale                               - Undefined Weak Reference
    __sigvec_lookup                           - Undefined Weak Reference
    __user_heap_extent                        - Undefined Weak Reference
    _atexit_init                              - Undefined Weak Reference
    _call_atexit_fns                          - Undefined Weak Reference
    _clock_init                               - Undefined Weak Reference
    _fp_trap_init                             - Undefined Weak Reference
    _fp_trap_shutdown                         - Undefined Weak Reference
    _get_lc_collate                           - Undefined Weak Reference
    _get_lc_ctype                             - Undefined Weak Reference
    _get_lc_monetary                          - Undefined Weak Reference
    _get_lc_numeric                           - Undefined Weak Reference
    _get_lc_time                              - Undefined Weak Reference
    _getenv_init                              - Undefined Weak Reference
    _handle_redirection                       - Undefined Weak Reference
    _initio                                   - Undefined Weak Reference
    _mutex_acquire                            - Undefined Weak Reference
    _mutex_free                               - Undefined Weak Reference
    _mutex_release                            - Undefined Weak Reference
    _rand_init                                - Undefined Weak Reference
    _signal_finish                            - Undefined Weak Reference
    _signal_init                              - Undefined Weak Reference
    _terminateio                              - Undefined Weak Reference
    __Vectors_Size                           0x000000ec   Number         0  startup_stm32f10x_md.o ABSOLUTE
    __Vectors                                0x08000000   Data           4  startup_stm32f10x_md.o(RESET)
    __Vectors_End                            0x080000ec   Data           0  startup_stm32f10x_md.o(RESET)
    __main                                   0x080000ed   Thumb Code     8  __main.o(!!!main)
    __scatterload                            0x080000f5   Thumb Code     0  __scatter.o(!!!scatter)
    __scatterload_rt2                        0x080000f5   Thumb Code    44  __scatter.o(!!!scatter)
    __scatterload_rt2_thumb_only             0x080000f5   Thumb Code     0  __scatter.o(!!!scatter)
    __scatterload_null                       0x08000103   Thumb Code     0  __scatter.o(!!!scatter)
    __scatterload_copy                       0x08000129   Thumb Code    26  __scatter_copy.o(!!handler_copy)
    __scatterload_zeroinit                   0x08000145   Thumb Code    28  __scatter_zi.o(!!handler_zi)
    __rt_lib_init                            0x08000161   Thumb Code     0  libinit.o(.ARM.Collect$$libinit$$00000000)
    __rt_lib_init_fp_1                       0x08000163   Thumb Code     0  libinit2.o(.ARM.Collect$$libinit$$00000002)
    __rt_lib_init_heap_2                     0x08000163   Thumb Code     0  libinit2.o(.ARM.Collect$$libinit$$00000005)
    __rt_lib_init_preinit_1                  0x08000163   Thumb Code     0  libinit2.o(.ARM.Collect$$libinit$$00000004)
    __rt_lib_init_alloca_1                   0x0800016b   Thumb Code     0  libinit2.o(.ARM.Collect$$libinit$$0000002E)
    __rt_lib_init_argv_1                     0x0800016b   Thumb Code     0  libinit2.o(.ARM.Collect$$libinit$$0000002C)
    __rt_lib_init_atexit_1                   0x0800016b   Thumb Code     0  libinit2.o(.ARM.Collect$$libinit$$0000001B)
    __rt_lib_init_clock_1                    0x0800016b   Thumb Code     0  libinit2.o(.ARM.Collect$$libinit$$00000021)
    __rt_lib_init_cpp_1                      0x0800016b   Thumb Code     0  libinit2.o(.ARM.Collect$$libinit$$00000032)
    __rt_lib_init_exceptions_1               0x0800016b   Thumb Code     0  libinit2.o(.ARM.Collect$$libinit$$00000030)
    __rt_lib_init_fp_trap_1                  0x0800016b   Thumb Code     0  libinit2.o(.ARM.Collect$$libinit$$0000001F)
    __rt_lib_init_getenv_1                   0x0800016b   Thumb Code     0  libinit2.o(.ARM.Collect$$libinit$$00000023)
    __rt_lib_init_heap_1                     0x0800016b   Thumb Code     0  libinit2.o(.ARM.Collect$$libinit$$0000000A)
    __rt_lib_init_lc_collate_1               0x0800016b   Thumb Code     0  libinit2.o(.ARM.Collect$$libinit$$00000011)
    __rt_lib_init_lc_ctype_1                 0x0800016b   Thumb Code     0  libinit2.o(.ARM.Collect$$libinit$$00000013)
    __rt_lib_init_lc_monetary_1              0x0800016b   Thumb Code     0  libinit2.o(.ARM.Collect$$libinit$$00000015)
    __rt_lib_init_lc_numeric_1               0x0800016b   Thumb Code     0  libinit2.o(.ARM.Collect$$libinit$$00000017)
    __rt_lib_init_lc_time_1                  0x0800016b   Thumb Code     0  libinit2.o(.ARM.Collect$$libinit$$00000019)
    __rt_lib_init_rand_1                     0x0800016b   Thumb Code     0  libinit2.o(.ARM.Collect$$libinit$$0000000E)
    __rt_lib_init_return                     0x0800016b   Thumb Code     0  libinit2.o(.ARM.Collect$$libinit$$00000033)
    __rt_lib_init_signal_1                   0x0800016b   Thumb Code     0  libinit2.o(.ARM.Collect$$libinit$$0000001D)
    __rt_lib_init_stdio_1                    0x0800016b   Thumb Code     0  libinit2.o(.ARM.Collect$$libinit$$00000025)
    __rt_lib_init_user_alloc_1               0x0800016b   Thumb Code     0  libinit2.o(.ARM.Collect$$libinit$$0000000C)
    __rt_lib_shutdown                        0x0800016d   Thumb Code     0  libshutdown.o(.ARM.Collect$$libshutdown$$00000000)
    __rt_lib_shutdown_cpp_1                  0x0800016f   Thumb Code     0  libshutdown2.o(.ARM.Collect$$libshutdown$$00000002)
    __rt_lib_shutdown_fp_trap_1              0x0800016f   Thumb Code     0  libshutdown2.o(.ARM.Collect$$libshutdown$$00000007)
    __rt_lib_shutdown_heap_1                 0x0800016f   Thumb Code     0  libshutdown2.o(.ARM.Collect$$libshutdown$$0000000F)
    __rt_lib_shutdown_return                 0x0800016f   Thumb Code     0  libshutdown2.o(.ARM.Collect$$libshutdown$$00000010)
    __rt_lib_shutdown_signal_1               0x0800016f   Thumb Code     0  libshutdown2.o(.ARM.Collect$$libshutdown$$0000000A)
    __rt_lib_shutdown_stdio_1                0x0800016f   Thumb Code     0  libshutdown2.o(.ARM.Collect$$libshutdown$$00000004)
    __rt_lib_shutdown_user_alloc_1           0x0800016f   Thumb Code     0  libshutdown2.o(.ARM.Collect$$libshutdown$$0000000C)
    __rt_entry                               0x08000171   Thumb Code     0  __rtentry.o(.ARM.Collect$$rtentry$$00000000)
    __rt_entry_presh_1                       0x08000171   Thumb Code     0  __rtentry2.o(.ARM.Collect$$rtentry$$00000002)
    __rt_entry_sh                            0x08000171   Thumb Code     0  __rtentry4.o(.ARM.Collect$$rtentry$$00000004)
    __rt_entry_li                            0x08000177   Thumb Code     0  __rtentry2.o(.ARM.Collect$$rtentry$$0000000A)
    __rt_entry_postsh_1                      0x08000177   Thumb Code     0  __rtentry2.o(.ARM.Collect$$rtentry$$00000009)
    __rt_entry_main                          0x0800017b   Thumb Code     0  __rtentry2.o(.ARM.Collect$$rtentry$$0000000D)
    __rt_entry_postli_1                      0x0800017b   Thumb Code     0  __rtentry2.o(.ARM.Collect$$rtentry$$0000000C)
    __rt_exit                                0x08000183   Thumb Code     0  rtexit.o(.ARM.Collect$$rtexit$$00000000)
    __rt_exit_ls                             0x08000185   Thumb Code     0  rtexit2.o(.ARM.Collect$$rtexit$$00000003)
    __rt_exit_prels_1                        0x08000185   Thumb Code     0  rtexit2.o(.ARM.Collect$$rtexit$$00000002)
    __rt_exit_exit                           0x08000189   Thumb Code     0  rtexit2.o(.ARM.Collect$$rtexit$$00000004)
    Reset_Handler                            0x08000191   Thumb Code     8  startup_stm32f10x_md.o(.text)
    _maybe_terminate_alloc                   0x08000191   Thumb Code     0  maybetermalloc1.o(.emb_text)
    ADC1_2_IRQHandler                        0x080001ab   Thumb Code     0  startup_stm32f10x_md.o(.text)
    CAN1_RX1_IRQHandler                      0x080001ab   Thumb Code     0  startup_stm32f10x_md.o(.text)
    CAN1_SCE_IRQHandler                      0x080001ab   Thumb Code     0  startup_stm32f10x_md.o(.text)
    DMA1_Channel1_IRQHandler                 0x080001ab   Thumb Code     0  startup_stm32f10x_md.o(.text)
    DMA1_Channel2_IRQHandler                 0x080001ab   Thumb Code     0  startup_stm32f10x_md.o(.text)
    DMA1_Channel3_IRQHandler                 0x080001ab   Thumb Code     0  startup_stm32f10x_md.o(.text)
    DMA1_Channel4_IRQHandler                 0x080001ab   Thumb Code     0  startup_stm32f10x_md.o(.text)
    DMA1_Channel5_IRQHandler                 0x080001ab   Thumb Code     0  startup_stm32f10x_md.o(.text)
    DMA1_Channel6_IRQHandler                 0x080001ab   Thumb Code     0  startup_stm32f10x_md.o(.text)
    DMA1_Channel7_IRQHandler                 0x080001ab   Thumb Code     0  startup_stm32f10x_md.o(.text)
    EXTI0_IRQHandler                         0x080001ab   Thumb Code     0  startup_stm32f10x_md.o(.text)
    EXTI1_IRQHandler                         0x080001ab   Thumb Code     0  startup_stm32f10x_md.o(.text)
    EXTI2_IRQHandler                         0x080001ab   Thumb Code     0  startup_stm32f10x_md.o(.text)
    EXTI3_IRQHandler                         0x080001ab   Thumb Code     0  startup_stm32f10x_md.o(.text)
    EXTI4_IRQHandler                         0x080001ab   Thumb Code     0  startup_stm32f10x_md.o(.text)
    EXTI9_5_IRQHandler                       0x080001ab   Thumb Code     0  startup_stm32f10x_md.o(.text)
    FLASH_IRQHandler                         0x080001ab   Thumb Code     0  startup_stm32f10x_md.o(.text)
    I2C1_ER_IRQHandler                       0x080001ab   Thumb Code     0  startup_stm32f10x_md.o(.text)
    I2C1_EV_IRQHandler                       0x080001ab   Thumb Code     0  startup_stm32f10x_md.o(.text)
    I2C2_ER_IRQHandler                       0x080001ab   Thumb Code     0  startup_stm32f10x_md.o(.text)
    I2C2_EV_IRQHandler                       0x080001ab   Thumb Code     0  startup_stm32f10x_md.o(.text)
    PVD_IRQHandler                           0x080001ab   Thumb Code     0  startup_stm32f10x_md.o(.text)
    RCC_IRQHandler                           0x080001ab   Thumb Code     0  startup_stm32f10x_md.o(.text)
    RTCAlarm_IRQHandler                      0x080001ab   Thumb Code     0  startup_stm32f10x_md.o(.text)
    RTC_IRQHandler                           0x080001ab   Thumb Code     0  startup_stm32f10x_md.o(.text)
    SPI1_IRQHandler                          0x080001ab   Thumb Code     0  startup_stm32f10x_md.o(.text)
    SPI2_IRQHandler                          0x080001ab   Thumb Code     0  startup_stm32f10x_md.o(.text)
    TAMPER_IRQHandler                        0x080001ab   Thumb Code     0  startup_stm32f10x_md.o(.text)
    TIM1_BRK_IRQHandler                      0x080001ab   Thumb Code     0  startup_stm32f10x_md.o(.text)
    TIM1_CC_IRQHandler                       0x080001ab   Thumb Code     0  startup_stm32f10x_md.o(.text)
    TIM1_TRG_COM_IRQHandler                  0x080001ab   Thumb Code     0  startup_stm32f10x_md.o(.text)
    TIM1_UP_IRQHandler                       0x080001ab   Thumb Code     0  startup_stm32f10x_md.o(.text)
    TIM3_IRQHandler                          0x080001ab   Thumb Code     0  startup_stm32f10x_md.o(.text)
    TIM4_IRQHandler                          0x080001ab   Thumb Code     0  startup_stm32f10x_md.o(.text)
    USART1_IRQHandler                        0x080001ab   Thumb Code     0  startup_stm32f10x_md.o(.text)
    USART2_IRQHandler                        0x080001ab   Thumb Code     0  startup_stm32f10x_md.o(.text)
    USART3_IRQHandler                        0x080001ab   Thumb Code     0  startup_stm32f10x_md.o(.text)
    USBWakeUp_IRQHandler                     0x080001ab   Thumb Code     0  startup_stm32f10x_md.o(.text)
    USB_HP_CAN1_TX_IRQHandler                0x080001ab   Thumb Code     0  startup_stm32f10x_md.o(.text)
    USB_LP_CAN1_RX0_IRQHandler               0x080001ab   Thumb Code     0  startup_stm32f10x_md.o(.text)
    WWDG_IRQHandler                          0x080001ab   Thumb Code     0  startup_stm32f10x_md.o(.text)
    __user_initial_stackheap                 0x080001ad   Thumb Code     0  startup_stm32f10x_md.o(.text)
    malloc                                   0x080001d1   Thumb Code    94  h1_alloc.o(.text)
    free                                     0x0800022f   Thumb Code    78  h1_free.o(.text)
    __aeabi_memcpy                           0x0800027d   Thumb Code     0  rt_memcpy_v6.o(.text)
    __rt_memcpy                              0x0800027d   Thumb Code   138  rt_memcpy_v6.o(.text)
    _memcpy_lastbytes                        0x080002e3   Thumb Code     0  rt_memcpy_v6.o(.text)
    __aeabi_memcpy4                          0x08000307   Thumb Code     0  rt_memcpy_w.o(.text)
    __aeabi_memcpy8                          0x08000307   Thumb Code     0  rt_memcpy_w.o(.text)
    __rt_memcpy_w                            0x08000307   Thumb Code   100  rt_memcpy_w.o(.text)
    _memcpy_lastbytes_aligned                0x0800034f   Thumb Code     0  rt_memcpy_w.o(.text)
    __use_two_region_memory                  0x0800036b   Thumb Code     2  heapauxi.o(.text)
    __rt_heap_escrow                         0x0800036d   Thumb Code     2  heapauxi.o(.text)
    __rt_heap_expand                         0x0800036f   Thumb Code     2  heapauxi.o(.text)
    __rt_heap_descriptor                     0x08000371   Thumb Code     8  rt_heap_descriptor_intlibspace.o(.text)
    __use_no_heap                            0x08000379   Thumb Code     2  hguard.o(.text)
    __heap$guard                             0x0800037b   Thumb Code     2  hguard.o(.text)
    _terminate_user_alloc                    0x0800037d   Thumb Code     2  init_alloc.o(.text)
    _init_user_alloc                         0x0800037f   Thumb Code     2  init_alloc.o(.text)
    __Heap_Full                              0x08000381   Thumb Code    34  init_alloc.o(.text)
    __Heap_Broken                            0x080003a3   Thumb Code     6  init_alloc.o(.text)
    _init_alloc                              0x080003a9   Thumb Code    94  init_alloc.o(.text)
    __Heap_Initialize                        0x08000407   Thumb Code    10  h1_init.o(.text)
    __Heap_DescSize                          0x08000411   Thumb Code     4  h1_init.o(.text)
    __user_libspace                          0x08000415   Thumb Code     8  libspace.o(.text)
    __user_perproc_libspace                  0x08000415   Thumb Code     0  libspace.o(.text)
    __user_perthread_libspace                0x08000415   Thumb Code     0  libspace.o(.text)
    __Heap_ProvideMemory                     0x0800041d   Thumb Code    52  h1_extend.o(.text)
    __rt_SIGRTMEM                            0x08000451   Thumb Code    14  defsig_rtmem_outer.o(.text)
    __I$use$semihosting                      0x0800045f   Thumb Code     0  use_no_semi.o(.text)
    __use_no_semihosting_swi                 0x0800045f   Thumb Code     2  use_no_semi.o(.text)
    __semihosting_library_function           0x08000461   Thumb Code     0  indicate_semi.o(.text)
    __user_setup_stackheap                   0x08000461   Thumb Code    74  sys_stackheap_outer.o(.text)
    exit                                     0x080004ab   Thumb Code    18  exit.o(.text)
    __sig_exit                               0x080004bd   Thumb Code    10  defsig_exit.o(.text)
    __rt_SIGRTMEM_inner                      0x080004c9   Thumb Code    22  defsig_rtmem_inner.o(.text)
    _sys_exit                                0x08000519   Thumb Code     8  sys_exit.o(.text)
    __default_signal_display                 0x08000525   Thumb Code    50  defsig_general.o(.text)
    _ttywrch                                 0x08000557   Thumb Code    14  sys_wrch.o(.text)
    Action_BlueToothMain                     0x08000565   Thumb Code   194  operatingsystem.o(i.Action_BlueToothMain)
    Action_BlueToothTransmit                 0x08000659   Thumb Code   152  operatingsystem.o(i.Action_BlueToothTransmit)
    Action_CardBack                          0x08000715   Thumb Code   350  operatingsystem.o(i.Action_CardBack)
    Action_CardEnd                           0x08000895   Thumb Code    54  operatingsystem.o(i.Action_CardEnd)
    Action_CardFace                          0x080008d5   Thumb Code   638  operatingsystem.o(i.Action_CardFace)
    Action_DeveloperMode                     0x08000b5d   Thumb Code    82  operatingsystem.o(i.Action_DeveloperMode)
    Action_LockMain                          0x08000bb9   Thumb Code   216  operatingsystem.o(i.Action_LockMain)
    Action_Settings                          0x08000cb5   Thumb Code   526  operatingsystem.o(i.Action_Settings)
    BlueTooth_Init                           0x08000ef5   Thumb Code   226  bluetooth.o(i.BlueTooth_Init)
    BlueTooth_IsConnected                    0x08000fe1   Thumb Code    24  bluetooth.o(i.BlueTooth_IsConnected)
    BlueTooth_Print                          0x08000ffd   Thumb Code    60  bluetooth.o(i.BlueTooth_Print)
    BlueTooth_Scanf                          0x0800103d   Thumb Code    76  bluetooth.o(i.BlueTooth_Scanf)
    BusFault_Handler                         0x0800108d   Thumb Code     4  stm32f10x_it.o(i.BusFault_Handler)
    CalculatePriority                        0x08001091   Thumb Code    26  storesystem.o(i.CalculatePriority)
    DMA_ClearFlag                            0x080010ad   Thumb Code    18  stm32f10x_dma.o(i.DMA_ClearFlag)
    DMA_Cmd                                  0x080010c9   Thumb Code    24  stm32f10x_dma.o(i.DMA_Cmd)
    DMA_DeInit                               0x080010e1   Thumb Code   324  stm32f10x_dma.o(i.DMA_DeInit)
    DMA_GetFlagStatus                        0x0800122d   Thumb Code    36  stm32f10x_dma.o(i.DMA_GetFlagStatus)
    DMA_Init                                 0x08001259   Thumb Code    60  stm32f10x_dma.o(i.DMA_Init)
    DMA_SetCurrDataCounter                   0x08001295   Thumb Code     4  stm32f10x_dma.o(i.DMA_SetCurrDataCounter)
    DebugMon_Handler                         0x08001299   Thumb Code     2  stm32f10x_it.o(i.DebugMon_Handler)
    Draw_Triangle                            0x0800129d   Thumb Code   382  lcd.o(i.Draw_Triangle)
    EXTI15_10_IRQHandler                     0x08001421   Thumb Code   164  operatingsystem.o(i.EXTI15_10_IRQHandler)
    EXTI_ClearITPendingBit                   0x080014e9   Thumb Code     6  stm32f10x_exti.o(i.EXTI_ClearITPendingBit)
    EXTI_GetITStatus                         0x080014f5   Thumb Code    34  stm32f10x_exti.o(i.EXTI_GetITStatus)
    EXTI_Init                                0x0800151d   Thumb Code   142  stm32f10x_exti.o(i.EXTI_Init)
    Flash_EraseSector                        0x080015b1   Thumb Code    66  flash.o(i.Flash_EraseSector)
    Flash_EraseSecurity                      0x080015f9   Thumb Code    66  flash.o(i.Flash_EraseSecurity)
    Flash_Init                               0x08001641   Thumb Code   178  flash.o(i.Flash_Init)
    Flash_ReadBuffer                         0x080016fd   Thumb Code    80  flash.o(i.Flash_ReadBuffer)
    Flash_ReadSecurity                       0x08001751   Thumb Code    86  flash.o(i.Flash_ReadSecurity)
    Flash_SendByte                           0x080017ad   Thumb Code    50  flash.o(i.Flash_SendByte)
    Flash_WaitForWriteEnd                    0x080017e5   Thumb Code    50  flash.o(i.Flash_WaitForWriteEnd)
    Flash_Wakeup                             0x0800181d   Thumb Code    30  flash.o(i.Flash_Wakeup)
    Flash_WriteBuffer                        0x08001841   Thumb Code   300  flash.o(i.Flash_WriteBuffer)
    Flash_WriteEnable                        0x08001971   Thumb Code    30  flash.o(i.Flash_WriteEnable)
    Flash_WritePage                          0x08001995   Thumb Code    96  flash.o(i.Flash_WritePage)
    Flash_WriteSecurity                      0x080019f9   Thumb Code    86  flash.o(i.Flash_WriteSecurity)
    GPIO_EXTILineConfig                      0x08001a55   Thumb Code    60  stm32f10x_gpio.o(i.GPIO_EXTILineConfig)
    GPIO_Init                                0x08001a95   Thumb Code   278  stm32f10x_gpio.o(i.GPIO_Init)
    GPIO_ReadInputDataBit                    0x08001bab   Thumb Code    18  stm32f10x_gpio.o(i.GPIO_ReadInputDataBit)
    GPIO_ResetBits                           0x08001bbd   Thumb Code     4  stm32f10x_gpio.o(i.GPIO_ResetBits)
    GPIO_SetBits                             0x08001bc1   Thumb Code     4  stm32f10x_gpio.o(i.GPIO_SetBits)
    HardFault_Handler                        0x08001bc5   Thumb Code     4  stm32f10x_it.o(i.HardFault_Handler)
    Key_Init                                 0x08001bc9   Thumb Code   162  key.o(i.Key_Init)
    LCD_Address_Set                          0x08001c71   Thumb Code    66  lcd_init.o(i.LCD_Address_Set)
    LCD_DrawLine                             0x08001cb3   Thumb Code   172  lcd.o(i.LCD_DrawLine)
    LCD_DrawPoint                            0x08001d5f   Thumb Code    28  lcd.o(i.LCD_DrawPoint)
    LCD_Fill                                 0x08001d7d   Thumb Code   178  lcd.o(i.LCD_Fill)
    LCD_GPIO_Init                            0x08001e3d   Thumb Code    46  lcd_init.o(i.LCD_GPIO_Init)
    LCD_Init                                 0x08001e71   Thumb Code   438  lcd_init.o(i.LCD_Init)
    LCD_ShowChar                             0x0800202d   Thumb Code   348  lcd.o(i.LCD_ShowChar)
    LCD_ShowIcon                             0x0800219d   Thumb Code    94  lcd.o(i.LCD_ShowIcon)
    LCD_ShowIntNum                           0x080021fb   Thumb Code   150  lcd.o(i.LCD_ShowIntNum)
    LCD_ShowString                           0x08002291   Thumb Code    66  lcd.o(i.LCD_ShowString)
    LCD_ShowString_Center                    0x080022d3   Thumb Code    96  lcd.o(i.LCD_ShowString_Center)
    LCD_WR_DATA                              0x08002333   Thumb Code    18  lcd_init.o(i.LCD_WR_DATA)
    LCD_WR_DATA8                             0x08002345   Thumb Code    12  lcd_init.o(i.LCD_WR_DATA8)
    LCD_WR_REG                               0x08002351   Thumb Code    28  lcd_init.o(i.LCD_WR_REG)
    LCD_Writ_Bus                             0x08002371   Thumb Code    50  lcd_init.o(i.LCD_Writ_Bus)
    MYDMA_Config1                            0x080023ad   Thumb Code    86  dma.o(i.MYDMA_Config1)
    MYDMA_Enable                             0x0800240d   Thumb Code    32  dma.o(i.MYDMA_Enable)
    MemManage_Handler                        0x08002435   Thumb Code     4  stm32f10x_it.o(i.MemManage_Handler)
    NMI_Handler                              0x08002439   Thumb Code     2  stm32f10x_it.o(i.NMI_Handler)
    NVIC_Init                                0x0800243d   Thumb Code   100  misc.o(i.NVIC_Init)
    NVIC_PriorityGroupConfig                 0x080024ad   Thumb Code    10  misc.o(i.NVIC_PriorityGroupConfig)
    PendSV_Handler                           0x080024c1   Thumb Code     2  stm32f10x_it.o(i.PendSV_Handler)
    RCC_AHBPeriphClockCmd                    0x080024c5   Thumb Code    26  stm32f10x_rcc.o(i.RCC_AHBPeriphClockCmd)
    RCC_APB1PeriphClockCmd                   0x080024e5   Thumb Code    26  stm32f10x_rcc.o(i.RCC_APB1PeriphClockCmd)
    RCC_APB2PeriphClockCmd                   0x08002505   Thumb Code    26  stm32f10x_rcc.o(i.RCC_APB2PeriphClockCmd)
    RCC_GetClocksFreq                        0x08002525   Thumb Code   192  stm32f10x_rcc.o(i.RCC_GetClocksFreq)
    SPI1_Init                                0x080025f9   Thumb Code   132  spi.o(i.SPI1_Init)
    SPI_Cmd                                  0x08002685   Thumb Code    24  stm32f10x_spi.o(i.SPI_Cmd)
    SPI_I2S_DMACmd                           0x0800269d   Thumb Code    18  stm32f10x_spi.o(i.SPI_I2S_DMACmd)
    SPI_I2S_GetFlagStatus                    0x080026af   Thumb Code    18  stm32f10x_spi.o(i.SPI_I2S_GetFlagStatus)
    SPI_I2S_ReceiveData                      0x080026c1   Thumb Code     6  stm32f10x_spi.o(i.SPI_I2S_ReceiveData)
    SPI_I2S_SendData                         0x080026c7   Thumb Code     4  stm32f10x_spi.o(i.SPI_I2S_SendData)
    SPI_Init                                 0x080026cb   Thumb Code    60  stm32f10x_spi.o(i.SPI_Init)
    SVC_Handler                              0x08002707   Thumb Code     2  stm32f10x_it.o(i.SVC_Handler)
    Set_DAYCEILING0                          0x080027f1   Thumb Code    50  operatingsystem.o(i.Set_DAYCEILING0)
    Set_DAYCEILING1                          0x08002823   Thumb Code    54  operatingsystem.o(i.Set_DAYCEILING1)
    Set_NEXTROUND0                           0x08002859   Thumb Code    42  operatingsystem.o(i.Set_NEXTROUND0)
    Set_NEXTROUND1                           0x08002891   Thumb Code    44  operatingsystem.o(i.Set_NEXTROUND1)
    ShowCharacter                            0x080028c9   Thumb Code   198  showchinese.o(i.ShowCharacter)
    ShowMixString                            0x08002995   Thumb Code   120  showchinese.o(i.ShowMixString)
    Store_CardPoolInit                       0x08002a0d   Thumb Code   440  storesystem.o(i.Store_CardPoolInit)
    Store_CardReload                         0x08002bcd   Thumb Code    66  storesystem.o(i.Store_CardReload)
    Store_ChangeCard                         0x08002c19   Thumb Code   420  storesystem.o(i.Store_ChangeCard)
    Store_ChangeDayCeiling                   0x08002dd1   Thumb Code    32  storesystem.o(i.Store_ChangeDayCeiling)
    Store_ChangeSecurity                     0x08002df1   Thumb Code   132  storesystem.o(i.Store_ChangeSecurity)
    Store_GetCardAddr                        0x08002e75   Thumb Code    46  storesystem.o(i.Store_GetCardAddr)
    Store_GetCardIndex                       0x08002ea3   Thumb Code    32  storesystem.o(i.Store_GetCardIndex)
    Store_GetCardTotal                       0x08002ec3   Thumb Code    32  storesystem.o(i.Store_GetCardTotal)
    Store_GetDayCeiling                      0x08002ee3   Thumb Code    32  storesystem.o(i.Store_GetDayCeiling)
    Store_GetDayFinish                       0x08002f03   Thumb Code    32  storesystem.o(i.Store_GetDayFinish)
    Store_GetDayStatus                       0x08002f23   Thumb Code    22  storesystem.o(i.Store_GetDayStatus)
    Store_SetCard                            0x08002f39   Thumb Code   122  storesystem.o(i.Store_SetCard)
    Store_SwitchCard                         0x08002fcd   Thumb Code    96  storesystem.o(i.Store_SwitchCard)
    Store_TestInit                           0x08003035   Thumb Code    54  storesystem.o(i.Store_TestInit)
    Store_TestInitAll                        0x0800306d   Thumb Code    52  storesystem.o(i.Store_TestInitAll)
    Store_WriteCardToFlash                   0x080030a5   Thumb Code    98  storesystem.o(i.Store_WriteCardToFlash)
    SysTick_CLKSourceConfig                  0x08003115   Thumb Code    40  misc.o(i.SysTick_CLKSourceConfig)
    SysTick_Handler                          0x0800313d   Thumb Code     2  stm32f10x_it.o(i.SysTick_Handler)
    SystemInit                               0x08003141   Thumb Code    78  system_stm32f10x.o(i.SystemInit)
    TIM2_IRQHandler                          0x080031a1   Thumb Code   144  key.o(i.TIM2_IRQHandler)
    TIM_ClearFlag                            0x08003245   Thumb Code     6  stm32f10x_tim.o(i.TIM_ClearFlag)
    TIM_ClearITPendingBit                    0x0800324b   Thumb Code     6  stm32f10x_tim.o(i.TIM_ClearITPendingBit)
    TIM_Cmd                                  0x08003251   Thumb Code    24  stm32f10x_tim.o(i.TIM_Cmd)
    TIM_GetITStatus                          0x08003269   Thumb Code    34  stm32f10x_tim.o(i.TIM_GetITStatus)
    TIM_ITConfig                             0x0800328b   Thumb Code    18  stm32f10x_tim.o(i.TIM_ITConfig)
    TIM_InternalClockConfig                  0x0800329d   Thumb Code    12  stm32f10x_tim.o(i.TIM_InternalClockConfig)
    TIM_TimeBaseInit                         0x080032a9   Thumb Code   122  stm32f10x_tim.o(i.TIM_TimeBaseInit)
    USART_Cmd                                0x0800334d   Thumb Code    24  stm32f10x_usart.o(i.USART_Cmd)
    USART_GetFlagStatus                      0x08003365   Thumb Code    26  stm32f10x_usart.o(i.USART_GetFlagStatus)
    USART_Init                               0x08003381   Thumb Code   210  stm32f10x_usart.o(i.USART_Init)
    USART_ReceiveData                        0x08003459   Thumb Code    10  stm32f10x_usart.o(i.USART_ReceiveData)
    USART_SendData                           0x08003463   Thumb Code     8  stm32f10x_usart.o(i.USART_SendData)
    UsageFault_Handler                       0x0800346b   Thumb Code     4  stm32f10x_it.o(i.UsageFault_Handler)
    delay                                    0x0800346f   Thumb Code    12  lcd_init.o(i.delay)
    delay_init                               0x0800347d   Thumb Code    50  delay.o(i.delay_init)
    delay_ms                                 0x080034c1   Thumb Code    72  delay.o(i.delay_ms)
    init                                     0x0800350d   Thumb Code    28  main.o(i.init)
    main                                     0x08003529   Thumb Code   308  main.o(i.main)
    mypow                                    0x08003665   Thumb Code    22  lcd.o(i.mypow)
    ascii_1206                               0x0800367c   Data          12  lcd.o(.constdata)
    ascii_1608                               0x08003688   Data          16  lcd.o(.constdata)
    ascii_2412                               0x08003698   Data        4560  lcd.o(.constdata)
    ascii_3216                               0x08004868   Data        6080  lcd.o(.constdata)
    ascii_4824                               0x08006028   Data       13680  lcd.o(.constdata)
    tfont12                                  0x08009598   Data          26  lcd.o(.constdata)
    tfont16                                  0x080095b2   Data          34  lcd.o(.constdata)
    tfont24                                  0x080095d4   Data          74  lcd.o(.constdata)
    tfont32                                  0x0800961e   Data         130  lcd.o(.constdata)
    gImage_ble                               0x080096fa   Data        2048  operatingsystem.o(.constdata)
    Region$$Table$$Base                      0x08009efc   Number         0  anon$$obj.o(Region$$Table)
    Region$$Table$$Limit                     0x08009f1c   Number         0  anon$$obj.o(Region$$Table)
    SystemCoreClock                          0x20000000   Data           4  system_stm32f10x.o(.data)
    AHBPrescTable                            0x20000004   Data          16  system_stm32f10x.o(.data)
    DMA1_MEM_LEN                             0x2000002c   Data           2  dma.o(.data)
    key                                      0x2000002e   Data           1  key.o(.data)
    k                                        0x2000002f   Data           1  key.o(.data)
    kLast                                    0x20000030   Data           1  key.o(.data)
    kTime                                    0x20000031   Data           1  key.o(.data)
    status                                   0x20000032   Data           1  operatingsystem.o(.data)
    bleIsConnected                           0x20000033   Data           1  operatingsystem.o(.data)
    setStatus                                0x20000034   Data           1  operatingsystem.o(.data)
    DMA_InitStructure                        0x20000038   Data          44  dma.o(.bss)
    dataFlow                                 0x20000064   Data         104  storesystem.o(.bss)
    Rx_buffer                                0x200000cc   Data        4096  storesystem.o(.bss)
    Tx_buffer                                0x200010cc   Data        4096  storesystem.o(.bss)
    currentCard                              0x200020cc   Data         104  storesystem.o(.bss)
    __libspace_start                         0x20002134   Data          96  libspace.o(.bss)
    __temporary_stack_top$libspace           0x20002194   Data           0  libspace.o(.bss)



==============================================================================

Memory Map of the image

  Image Entry point : 0x080000ed

  Load Region LR_IROM1 (Base: 0x08000000, Size: 0x00009f54, Max: 0x00010000, ABSOLUTE)

    Execution Region ER_IROM1 (Exec base: 0x08000000, Load base: 0x08000000, Size: 0x00009f1c, Max: 0x00010000, ABSOLUTE)

    Exec Addr    Load Addr    Size         Type   Attr      Idx    E Section Name        Object

    0x08000000   0x08000000   0x000000ec   Data   RO            3    RESET               startup_stm32f10x_md.o
    0x080000ec   0x080000ec   0x00000008   Code   RO         4135  * !!!main             c_w.l(__main.o)
    0x080000f4   0x080000f4   0x00000034   Code   RO         4347    !!!scatter          c_w.l(__scatter.o)
    0x08000128   0x08000128   0x0000001a   Code   RO         4349    !!handler_copy      c_w.l(__scatter_copy.o)
    0x08000142   0x08000142   0x00000002   PAD
    0x08000144   0x08000144   0x0000001c   Code   RO         4351    !!handler_zi        c_w.l(__scatter_zi.o)
    0x08000160   0x08000160   0x00000002   Code   RO         4286    .ARM.Collect$$libinit$$00000000  c_w.l(libinit.o)
    0x08000162   0x08000162   0x00000000   Code   RO         4174    .ARM.Collect$$libinit$$00000002  c_w.l(libinit2.o)
    0x08000162   0x08000162   0x00000000   Code   RO         4176    .ARM.Collect$$libinit$$00000004  c_w.l(libinit2.o)
    0x08000162   0x08000162   0x00000008   Code   RO         4177    .ARM.Collect$$libinit$$00000005  c_w.l(libinit2.o)
    0x0800016a   0x0800016a   0x00000000   Code   RO         4179    .ARM.Collect$$libinit$$0000000A  c_w.l(libinit2.o)
    0x0800016a   0x0800016a   0x00000000   Code   RO         4181    .ARM.Collect$$libinit$$0000000C  c_w.l(libinit2.o)
    0x0800016a   0x0800016a   0x00000000   Code   RO         4183    .ARM.Collect$$libinit$$0000000E  c_w.l(libinit2.o)
    0x0800016a   0x0800016a   0x00000000   Code   RO         4186    .ARM.Collect$$libinit$$00000011  c_w.l(libinit2.o)
    0x0800016a   0x0800016a   0x00000000   Code   RO         4188    .ARM.Collect$$libinit$$00000013  c_w.l(libinit2.o)
    0x0800016a   0x0800016a   0x00000000   Code   RO         4190    .ARM.Collect$$libinit$$00000015  c_w.l(libinit2.o)
    0x0800016a   0x0800016a   0x00000000   Code   RO         4192    .ARM.Collect$$libinit$$00000017  c_w.l(libinit2.o)
    0x0800016a   0x0800016a   0x00000000   Code   RO         4194    .ARM.Collect$$libinit$$00000019  c_w.l(libinit2.o)
    0x0800016a   0x0800016a   0x00000000   Code   RO         4196    .ARM.Collect$$libinit$$0000001B  c_w.l(libinit2.o)
    0x0800016a   0x0800016a   0x00000000   Code   RO         4198    .ARM.Collect$$libinit$$0000001D  c_w.l(libinit2.o)
    0x0800016a   0x0800016a   0x00000000   Code   RO         4200    .ARM.Collect$$libinit$$0000001F  c_w.l(libinit2.o)
    0x0800016a   0x0800016a   0x00000000   Code   RO         4202    .ARM.Collect$$libinit$$00000021  c_w.l(libinit2.o)
    0x0800016a   0x0800016a   0x00000000   Code   RO         4204    .ARM.Collect$$libinit$$00000023  c_w.l(libinit2.o)
    0x0800016a   0x0800016a   0x00000000   Code   RO         4206    .ARM.Collect$$libinit$$00000025  c_w.l(libinit2.o)
    0x0800016a   0x0800016a   0x00000000   Code   RO         4210    .ARM.Collect$$libinit$$0000002C  c_w.l(libinit2.o)
    0x0800016a   0x0800016a   0x00000000   Code   RO         4212    .ARM.Collect$$libinit$$0000002E  c_w.l(libinit2.o)
    0x0800016a   0x0800016a   0x00000000   Code   RO         4214    .ARM.Collect$$libinit$$00000030  c_w.l(libinit2.o)
    0x0800016a   0x0800016a   0x00000000   Code   RO         4216    .ARM.Collect$$libinit$$00000032  c_w.l(libinit2.o)
    0x0800016a   0x0800016a   0x00000002   Code   RO         4217    .ARM.Collect$$libinit$$00000033  c_w.l(libinit2.o)
    0x0800016c   0x0800016c   0x00000002   Code   RO         4344    .ARM.Collect$$libshutdown$$00000000  c_w.l(libshutdown.o)
    0x0800016e   0x0800016e   0x00000000   Code   RO         4300    .ARM.Collect$$libshutdown$$00000002  c_w.l(libshutdown2.o)
    0x0800016e   0x0800016e   0x00000000   Code   RO         4302    .ARM.Collect$$libshutdown$$00000004  c_w.l(libshutdown2.o)
    0x0800016e   0x0800016e   0x00000000   Code   RO         4305    .ARM.Collect$$libshutdown$$00000007  c_w.l(libshutdown2.o)
    0x0800016e   0x0800016e   0x00000000   Code   RO         4308    .ARM.Collect$$libshutdown$$0000000A  c_w.l(libshutdown2.o)
    0x0800016e   0x0800016e   0x00000000   Code   RO         4310    .ARM.Collect$$libshutdown$$0000000C  c_w.l(libshutdown2.o)
    0x0800016e   0x0800016e   0x00000000   Code   RO         4313    .ARM.Collect$$libshutdown$$0000000F  c_w.l(libshutdown2.o)
    0x0800016e   0x0800016e   0x00000002   Code   RO         4314    .ARM.Collect$$libshutdown$$00000010  c_w.l(libshutdown2.o)
    0x08000170   0x08000170   0x00000000   Code   RO         4145    .ARM.Collect$$rtentry$$00000000  c_w.l(__rtentry.o)
    0x08000170   0x08000170   0x00000000   Code   RO         4229    .ARM.Collect$$rtentry$$00000002  c_w.l(__rtentry2.o)
    0x08000170   0x08000170   0x00000006   Code   RO         4241    .ARM.Collect$$rtentry$$00000004  c_w.l(__rtentry4.o)
    0x08000176   0x08000176   0x00000000   Code   RO         4231    .ARM.Collect$$rtentry$$00000009  c_w.l(__rtentry2.o)
    0x08000176   0x08000176   0x00000004   Code   RO         4232    .ARM.Collect$$rtentry$$0000000A  c_w.l(__rtentry2.o)
    0x0800017a   0x0800017a   0x00000000   Code   RO         4234    .ARM.Collect$$rtentry$$0000000C  c_w.l(__rtentry2.o)
    0x0800017a   0x0800017a   0x00000008   Code   RO         4235    .ARM.Collect$$rtentry$$0000000D  c_w.l(__rtentry2.o)
    0x08000182   0x08000182   0x00000002   Code   RO         4289    .ARM.Collect$$rtexit$$00000000  c_w.l(rtexit.o)
    0x08000184   0x08000184   0x00000000   Code   RO         4318    .ARM.Collect$$rtexit$$00000002  c_w.l(rtexit2.o)
    0x08000184   0x08000184   0x00000004   Code   RO         4319    .ARM.Collect$$rtexit$$00000003  c_w.l(rtexit2.o)
    0x08000188   0x08000188   0x00000006   Code   RO         4320    .ARM.Collect$$rtexit$$00000004  c_w.l(rtexit2.o)
    0x0800018e   0x0800018e   0x00000002   PAD
    0x08000190   0x08000190   0x00000000   Code   RO         4245    .emb_text           c_w.l(maybetermalloc1.o)
    0x08000190   0x08000190   0x00000040   Code   RO            4    .text               startup_stm32f10x_md.o
    0x080001d0   0x080001d0   0x0000005e   Code   RO         4071    .text               c_w.l(h1_alloc.o)
    0x0800022e   0x0800022e   0x0000004e   Code   RO         4073    .text               c_w.l(h1_free.o)
    0x0800027c   0x0800027c   0x0000008a   Code   RO         4129    .text               c_w.l(rt_memcpy_v6.o)
    0x08000306   0x08000306   0x00000064   Code   RO         4131    .text               c_w.l(rt_memcpy_w.o)
    0x0800036a   0x0800036a   0x00000006   Code   RO         4133    .text               c_w.l(heapauxi.o)
    0x08000370   0x08000370   0x00000008   Code   RO         4149    .text               c_w.l(rt_heap_descriptor_intlibspace.o)
    0x08000378   0x08000378   0x00000004   Code   RO         4151    .text               c_w.l(hguard.o)
    0x0800037c   0x0800037c   0x0000008a   Code   RO         4153    .text               c_w.l(init_alloc.o)
    0x08000406   0x08000406   0x0000000e   Code   RO         4157    .text               c_w.l(h1_init.o)
    0x08000414   0x08000414   0x00000008   Code   RO         4225    .text               c_w.l(libspace.o)
    0x0800041c   0x0800041c   0x00000034   Code   RO         4247    .text               c_w.l(h1_extend.o)
    0x08000450   0x08000450   0x0000000e   Code   RO         4251    .text               c_w.l(defsig_rtmem_outer.o)
    0x0800045e   0x0800045e   0x00000002   Code   RO         4262    .text               c_w.l(use_no_semi.o)
    0x08000460   0x08000460   0x00000000   Code   RO         4264    .text               c_w.l(indicate_semi.o)
    0x08000460   0x08000460   0x0000004a   Code   RO         4265    .text               c_w.l(sys_stackheap_outer.o)
    0x080004aa   0x080004aa   0x00000012   Code   RO         4271    .text               c_w.l(exit.o)
    0x080004bc   0x080004bc   0x0000000a   Code   RO         4273    .text               c_w.l(defsig_exit.o)
    0x080004c6   0x080004c6   0x00000002   PAD
    0x080004c8   0x080004c8   0x00000050   Code   RO         4275    .text               c_w.l(defsig_rtmem_inner.o)
    0x08000518   0x08000518   0x0000000c   Code   RO         4287    .text               c_w.l(sys_exit.o)
    0x08000524   0x08000524   0x00000032   Code   RO         4297    .text               c_w.l(defsig_general.o)
    0x08000556   0x08000556   0x0000000e   Code   RO         4315    .text               c_w.l(sys_wrch.o)
    0x08000564   0x08000564   0x000000f4   Code   RO         3932    i.Action_BlueToothMain  operatingsystem.o
    0x08000658   0x08000658   0x000000bc   Code   RO         3933    i.Action_BlueToothTransmit  operatingsystem.o
    0x08000714   0x08000714   0x00000180   Code   RO         3934    i.Action_CardBack   operatingsystem.o
    0x08000894   0x08000894   0x00000040   Code   RO         3935    i.Action_CardEnd    operatingsystem.o
    0x080008d4   0x080008d4   0x00000288   Code   RO         3936    i.Action_CardFace   operatingsystem.o
    0x08000b5c   0x08000b5c   0x0000005c   Code   RO         3937    i.Action_DeveloperMode  operatingsystem.o
    0x08000bb8   0x08000bb8   0x000000fc   Code   RO         3938    i.Action_LockMain   operatingsystem.o
    0x08000cb4   0x08000cb4   0x00000240   Code   RO         3939    i.Action_Settings   operatingsystem.o
    0x08000ef4   0x08000ef4   0x000000ec   Code   RO         3653    i.BlueTooth_Init    bluetooth.o
    0x08000fe0   0x08000fe0   0x0000001c   Code   RO         3654    i.BlueTooth_IsConnected  bluetooth.o
    0x08000ffc   0x08000ffc   0x00000040   Code   RO         3655    i.BlueTooth_Print   bluetooth.o
    0x0800103c   0x0800103c   0x00000050   Code   RO         3656    i.BlueTooth_Scanf   bluetooth.o
    0x0800108c   0x0800108c   0x00000004   Code   RO         3723    i.BusFault_Handler  stm32f10x_it.o
    0x08001090   0x08001090   0x0000001a   Code   RO         3786    i.CalculatePriority  storesystem.o
    0x080010aa   0x080010aa   0x00000002   PAD
    0x080010ac   0x080010ac   0x0000001c   Code   RO          909    i.DMA_ClearFlag     stm32f10x_dma.o
    0x080010c8   0x080010c8   0x00000018   Code   RO          911    i.DMA_Cmd           stm32f10x_dma.o
    0x080010e0   0x080010e0   0x0000014c   Code   RO          912    i.DMA_DeInit        stm32f10x_dma.o
    0x0800122c   0x0800122c   0x0000002c   Code   RO          914    i.DMA_GetFlagStatus  stm32f10x_dma.o
    0x08001258   0x08001258   0x0000003c   Code   RO          917    i.DMA_Init          stm32f10x_dma.o
    0x08001294   0x08001294   0x00000004   Code   RO          918    i.DMA_SetCurrDataCounter  stm32f10x_dma.o
    0x08001298   0x08001298   0x00000002   Code   RO         3724    i.DebugMon_Handler  stm32f10x_it.o
    0x0800129a   0x0800129a   0x00000002   PAD
    0x0800129c   0x0800129c   0x00000184   Code   RO         3462    i.Draw_Triangle     lcd.o
    0x08001420   0x08001420   0x000000c8   Code   RO         3940    i.EXTI15_10_IRQHandler  operatingsystem.o
    0x080014e8   0x080014e8   0x0000000c   Code   RO          985    i.EXTI_ClearITPendingBit  stm32f10x_exti.o
    0x080014f4   0x080014f4   0x00000028   Code   RO          989    i.EXTI_GetITStatus  stm32f10x_exti.o
    0x0800151c   0x0800151c   0x00000094   Code   RO          990    i.EXTI_Init         stm32f10x_exti.o
    0x080015b0   0x080015b0   0x00000048   Code   RO         3333    i.Flash_EraseSector  flash.o
    0x080015f8   0x080015f8   0x00000048   Code   RO         3334    i.Flash_EraseSecurity  flash.o
    0x08001640   0x08001640   0x000000bc   Code   RO         3335    i.Flash_Init        flash.o
    0x080016fc   0x080016fc   0x00000054   Code   RO         3337    i.Flash_ReadBuffer  flash.o
    0x08001750   0x08001750   0x0000005c   Code   RO         3340    i.Flash_ReadSecurity  flash.o
    0x080017ac   0x080017ac   0x00000038   Code   RO         3343    i.Flash_SendByte    flash.o
    0x080017e4   0x080017e4   0x00000038   Code   RO         3345    i.Flash_WaitForWriteEnd  flash.o
    0x0800181c   0x0800181c   0x00000024   Code   RO         3346    i.Flash_Wakeup      flash.o
    0x08001840   0x08001840   0x00000130   Code   RO         3347    i.Flash_WriteBuffer  flash.o
    0x08001970   0x08001970   0x00000024   Code   RO         3348    i.Flash_WriteEnable  flash.o
    0x08001994   0x08001994   0x00000064   Code   RO         3349    i.Flash_WritePage   flash.o
    0x080019f8   0x080019f8   0x0000005c   Code   RO         3350    i.Flash_WriteSecurity  flash.o
    0x08001a54   0x08001a54   0x00000040   Code   RO         1344    i.GPIO_EXTILineConfig  stm32f10x_gpio.o
    0x08001a94   0x08001a94   0x00000116   Code   RO         1347    i.GPIO_Init         stm32f10x_gpio.o
    0x08001baa   0x08001baa   0x00000012   Code   RO         1351    i.GPIO_ReadInputDataBit  stm32f10x_gpio.o
    0x08001bbc   0x08001bbc   0x00000004   Code   RO         1354    i.GPIO_ResetBits    stm32f10x_gpio.o
    0x08001bc0   0x08001bc0   0x00000004   Code   RO         1355    i.GPIO_SetBits      stm32f10x_gpio.o
    0x08001bc4   0x08001bc4   0x00000004   Code   RO         3725    i.HardFault_Handler  stm32f10x_it.o
    0x08001bc8   0x08001bc8   0x000000a8   Code   RO         3308    i.Key_Init          key.o
    0x08001c70   0x08001c70   0x00000042   Code   RO         3599    i.LCD_Address_Set   lcd_init.o
    0x08001cb2   0x08001cb2   0x000000ac   Code   RO         3463    i.LCD_DrawLine      lcd.o
    0x08001d5e   0x08001d5e   0x0000001c   Code   RO         3464    i.LCD_DrawPoint     lcd.o
    0x08001d7a   0x08001d7a   0x00000002   PAD
    0x08001d7c   0x08001d7c   0x000000c0   Code   RO         3466    i.LCD_Fill          lcd.o
    0x08001e3c   0x08001e3c   0x00000034   Code   RO         3600    i.LCD_GPIO_Init     lcd_init.o
    0x08001e70   0x08001e70   0x000001bc   Code   RO         3601    i.LCD_Init          lcd_init.o
    0x0800202c   0x0800202c   0x00000170   Code   RO         3467    i.LCD_ShowChar      lcd.o
    0x0800219c   0x0800219c   0x0000005e   Code   RO         3474    i.LCD_ShowIcon      lcd.o
    0x080021fa   0x080021fa   0x00000096   Code   RO         3475    i.LCD_ShowIntNum    lcd.o
    0x08002290   0x08002290   0x00000042   Code   RO         3476    i.LCD_ShowString    lcd.o
    0x080022d2   0x080022d2   0x00000060   Code   RO         3477    i.LCD_ShowString_Center  lcd.o
    0x08002332   0x08002332   0x00000012   Code   RO         3602    i.LCD_WR_DATA       lcd_init.o
    0x08002344   0x08002344   0x0000000c   Code   RO         3603    i.LCD_WR_DATA8      lcd_init.o
    0x08002350   0x08002350   0x00000020   Code   RO         3604    i.LCD_WR_REG        lcd_init.o
    0x08002370   0x08002370   0x0000003c   Code   RO         3605    i.LCD_Writ_Bus      lcd_init.o
    0x080023ac   0x080023ac   0x00000060   Code   RO         3278    i.MYDMA_Config1     dma.o
    0x0800240c   0x0800240c   0x00000028   Code   RO         3279    i.MYDMA_Enable      dma.o
    0x08002434   0x08002434   0x00000004   Code   RO         3726    i.MemManage_Handler  stm32f10x_it.o
    0x08002438   0x08002438   0x00000002   Code   RO         3727    i.NMI_Handler       stm32f10x_it.o
    0x0800243a   0x0800243a   0x00000002   PAD
    0x0800243c   0x0800243c   0x00000070   Code   RO          137    i.NVIC_Init         misc.o
    0x080024ac   0x080024ac   0x00000014   Code   RO          138    i.NVIC_PriorityGroupConfig  misc.o
    0x080024c0   0x080024c0   0x00000002   Code   RO         3728    i.PendSV_Handler    stm32f10x_it.o
    0x080024c2   0x080024c2   0x00000002   PAD
    0x080024c4   0x080024c4   0x00000020   Code   RO         1774    i.RCC_AHBPeriphClockCmd  stm32f10x_rcc.o
    0x080024e4   0x080024e4   0x00000020   Code   RO         1775    i.RCC_APB1PeriphClockCmd  stm32f10x_rcc.o
    0x08002504   0x08002504   0x00000020   Code   RO         1777    i.RCC_APB2PeriphClockCmd  stm32f10x_rcc.o
    0x08002524   0x08002524   0x000000d4   Code   RO         1785    i.RCC_GetClocksFreq  stm32f10x_rcc.o
    0x080025f8   0x080025f8   0x0000008c   Code   RO         3262    i.SPI1_Init         spi.o
    0x08002684   0x08002684   0x00000018   Code   RO         2263    i.SPI_Cmd           stm32f10x_spi.o
    0x0800269c   0x0800269c   0x00000012   Code   RO         2269    i.SPI_I2S_DMACmd    stm32f10x_spi.o
    0x080026ae   0x080026ae   0x00000012   Code   RO         2271    i.SPI_I2S_GetFlagStatus  stm32f10x_spi.o
    0x080026c0   0x080026c0   0x00000006   Code   RO         2274    i.SPI_I2S_ReceiveData  stm32f10x_spi.o
    0x080026c6   0x080026c6   0x00000004   Code   RO         2275    i.SPI_I2S_SendData  stm32f10x_spi.o
    0x080026ca   0x080026ca   0x0000003c   Code   RO         2276    i.SPI_Init          stm32f10x_spi.o
    0x08002706   0x08002706   0x00000002   Code   RO         3729    i.SVC_Handler       stm32f10x_it.o
    0x08002708   0x08002708   0x00000008   Code   RO           24    i.SetSysClock       system_stm32f10x.o
    0x08002710   0x08002710   0x000000e0   Code   RO           25    i.SetSysClockTo72   system_stm32f10x.o
    0x080027f0   0x080027f0   0x00000032   Code   RO         3941    i.Set_DAYCEILING0   operatingsystem.o
    0x08002822   0x08002822   0x00000036   Code   RO         3942    i.Set_DAYCEILING1   operatingsystem.o
    0x08002858   0x08002858   0x00000038   Code   RO         3943    i.Set_NEXTROUND0    operatingsystem.o
    0x08002890   0x08002890   0x00000038   Code   RO         3944    i.Set_NEXTROUND1    operatingsystem.o
    0x080028c8   0x080028c8   0x000000cc   Code   RO         4035    i.ShowCharacter     showchinese.o
    0x08002994   0x08002994   0x00000078   Code   RO         4037    i.ShowMixString     showchinese.o
    0x08002a0c   0x08002a0c   0x000001c0   Code   RO         3787    i.Store_CardPoolInit  storesystem.o
    0x08002bcc   0x08002bcc   0x0000004c   Code   RO         3788    i.Store_CardReload  storesystem.o
    0x08002c18   0x08002c18   0x000001b8   Code   RO         3789    i.Store_ChangeCard  storesystem.o
    0x08002dd0   0x08002dd0   0x00000020   Code   RO         3790    i.Store_ChangeDayCeiling  storesystem.o
    0x08002df0   0x08002df0   0x00000084   Code   RO         3791    i.Store_ChangeSecurity  storesystem.o
    0x08002e74   0x08002e74   0x0000002e   Code   RO         3793    i.Store_GetCardAddr  storesystem.o
    0x08002ea2   0x08002ea2   0x00000020   Code   RO         3796    i.Store_GetCardIndex  storesystem.o
    0x08002ec2   0x08002ec2   0x00000020   Code   RO         3798    i.Store_GetCardTotal  storesystem.o
    0x08002ee2   0x08002ee2   0x00000020   Code   RO         3799    i.Store_GetDayCeiling  storesystem.o
    0x08002f02   0x08002f02   0x00000020   Code   RO         3800    i.Store_GetDayFinish  storesystem.o
    0x08002f22   0x08002f22   0x00000016   Code   RO         3801    i.Store_GetDayStatus  storesystem.o
    0x08002f38   0x08002f38   0x00000094   Code   RO         3803    i.Store_SetCard     storesystem.o
    0x08002fcc   0x08002fcc   0x00000068   Code   RO         3804    i.Store_SwitchCard  storesystem.o
    0x08003034   0x08003034   0x00000036   Code   RO         3805    i.Store_TestInit    storesystem.o
    0x0800306a   0x0800306a   0x00000002   PAD
    0x0800306c   0x0800306c   0x00000038   Code   RO         3806    i.Store_TestInitAll  storesystem.o
    0x080030a4   0x080030a4   0x00000070   Code   RO         3807    i.Store_WriteCardToFlash  storesystem.o
    0x08003114   0x08003114   0x00000028   Code   RO          141    i.SysTick_CLKSourceConfig  misc.o
    0x0800313c   0x0800313c   0x00000002   Code   RO         3730    i.SysTick_Handler   stm32f10x_it.o
    0x0800313e   0x0800313e   0x00000002   PAD
    0x08003140   0x08003140   0x00000060   Code   RO           27    i.SystemInit        system_stm32f10x.o
    0x080031a0   0x080031a0   0x000000a4   Code   RO         3309    i.TIM2_IRQHandler   key.o
    0x08003244   0x08003244   0x00000006   Code   RO         2415    i.TIM_ClearFlag     stm32f10x_tim.o
    0x0800324a   0x0800324a   0x00000006   Code   RO         2416    i.TIM_ClearITPendingBit  stm32f10x_tim.o
    0x08003250   0x08003250   0x00000018   Code   RO         2421    i.TIM_Cmd           stm32f10x_tim.o
    0x08003268   0x08003268   0x00000022   Code   RO         2442    i.TIM_GetITStatus   stm32f10x_tim.o
    0x0800328a   0x0800328a   0x00000012   Code   RO         2446    i.TIM_ITConfig      stm32f10x_tim.o
    0x0800329c   0x0800329c   0x0000000c   Code   RO         2448    i.TIM_InternalClockConfig  stm32f10x_tim.o
    0x080032a8   0x080032a8   0x000000a4   Code   RO         2492    i.TIM_TimeBaseInit  stm32f10x_tim.o
    0x0800334c   0x0800334c   0x00000018   Code   RO         2960    i.USART_Cmd         stm32f10x_usart.o
    0x08003364   0x08003364   0x0000001a   Code   RO         2963    i.USART_GetFlagStatus  stm32f10x_usart.o
    0x0800337e   0x0800337e   0x00000002   PAD
    0x08003380   0x08003380   0x000000d8   Code   RO         2967    i.USART_Init        stm32f10x_usart.o
    0x08003458   0x08003458   0x0000000a   Code   RO         2974    i.USART_ReceiveData  stm32f10x_usart.o
    0x08003462   0x08003462   0x00000008   Code   RO         2977    i.USART_SendData    stm32f10x_usart.o
    0x0800346a   0x0800346a   0x00000004   Code   RO         3731    i.UsageFault_Handler  stm32f10x_it.o
    0x0800346e   0x0800346e   0x0000000c   Code   RO         3606    i.delay             lcd_init.o
    0x0800347a   0x0800347a   0x00000002   PAD
    0x0800347c   0x0800347c   0x00000044   Code   RO         3233    i.delay_init        delay.o
    0x080034c0   0x080034c0   0x0000004c   Code   RO         3234    i.delay_ms          delay.o
    0x0800350c   0x0800350c   0x0000001c   Code   RO         3683    i.init              main.o
    0x08003528   0x08003528   0x0000013c   Code   RO         3684    i.main              main.o
    0x08003664   0x08003664   0x00000016   Code   RO         3478    i.mypow             lcd.o
    0x0800367a   0x0800367a   0x00000002   PAD
    0x0800367c   0x0800367c   0x0000606c   Data   RO         3479    .constdata          lcd.o
    0x080096e8   0x080096e8   0x00000012   Data   RO         3809    .constdata          storesystem.o
    0x080096fa   0x080096fa   0x00000800   Data   RO         3945    .constdata          operatingsystem.o
    0x08009efa   0x08009efa   0x00000002   PAD
    0x08009efc   0x08009efc   0x00000020   Data   RO         4345    Region$$Table       anon$$obj.o


    Execution Region RW_IRAM1 (Exec base: 0x20000000, Load base: 0x08009f1c, Size: 0x00002798, Max: 0x00005000, ABSOLUTE)

    Exec Addr    Load Addr    Size         Type   Attr      Idx    E Section Name        Object

    0x20000000   0x08009f1c   0x00000014   Data   RW           28    .data               system_stm32f10x.o
    0x20000014   0x08009f30   0x00000014   Data   RW         1805    .data               stm32f10x_rcc.o
    0x20000028   0x08009f44   0x00000004   Data   RW         3236    .data               delay.o
    0x2000002c   0x08009f48   0x00000002   Data   RW         3281    .data               dma.o
    0x2000002e   0x08009f4a   0x00000004   Data   RW         3310    .data               key.o
    0x20000032   0x08009f4e   0x00000003   Data   RW         3946    .data               operatingsystem.o
    0x20000035   0x08009f51   0x00000003   PAD
    0x20000038        -       0x0000002c   Zero   RW         3280    .bss                dma.o
    0x20000064        -       0x000020d0   Zero   RW         3808    .bss                storesystem.o
    0x20002134        -       0x00000060   Zero   RW         4226    .bss                c_w.l(libspace.o)
    0x20002194   0x08009f51   0x00000004   PAD
    0x20002198        -       0x00000200   Zero   RW            2    HEAP                startup_stm32f10x_md.o
    0x20002398        -       0x00000400   Zero   RW            1    STACK               startup_stm32f10x_md.o


==============================================================================

Image component sizes


      Code (inc. data)   RO Data    RW Data    ZI Data      Debug   Object Name

       408         22          0          0          0       2593   bluetooth.o
         0          0          0          0          0       4508   core_cm3.o
       144         22          0          4          0       1076   delay.o
       136         18          0          2         44       1612   dma.o
      1188         70          0          0          0       7787   flash.o
       332         26          0          4          0       1365   key.o
      1576         40      24684          0          0       9699   lcd.o
       696         26          0          0          0       4134   lcd_init.o
       344         16          0          0          0       1350   main.o
       172         22          0          0          0     207249   misc.o
      2864        310       2048          3          0       8512   operatingsystem.o
       324          6          0          0          0       1996   showchinese.o
       140          8          0          0          0        552   spi.o
        64         26        236          0       1536        804   startup_stm32f10x_md.o
         0          0          0          0          0       1640   stm32f10x_adc.o
       492         26          0          0          0      14487   stm32f10x_dma.o
       200         18          0          0          0       3996   stm32f10x_exti.o
       368          4          0          0          0      12242   stm32f10x_gpio.o
        26          0          0          0          0       3566   stm32f10x_it.o
       308         38          0         20          0      13370   stm32f10x_rcc.o
       130          0          0          0          0      10891   stm32f10x_spi.o
       264         42          0          0          0      24452   stm32f10x_tim.o
       284          6          0          0          0      10216   stm32f10x_usart.o
      1824         96         18          0       8400      11513   storesystem.o
       328         28          0         20          0      61985   system_stm32f10x.o

    ----------------------------------------------------------------------
     12632        870      27020         56       9980     421595   Object Totals
         0          0         32          0          0          0   (incl. Generated)
        20          0          2          3          0          0   (incl. Padding)

    ----------------------------------------------------------------------

      Code (inc. data)   RO Data    RW Data    ZI Data      Debug   Library Member Name

         8          0          0          0          0         68   __main.o
         0          0          0          0          0          0   __rtentry.o
        12          0          0          0          0          0   __rtentry2.o
         6          0          0          0          0          0   __rtentry4.o
        52          8          0          0          0          0   __scatter.o
        26          0          0          0          0          0   __scatter_copy.o
        28          0          0          0          0          0   __scatter_zi.o
        10          0          0          0          0         68   defsig_exit.o
        50          0          0          0          0         88   defsig_general.o
        80         58          0          0          0         76   defsig_rtmem_inner.o
        14          0          0          0          0         80   defsig_rtmem_outer.o
        18          0          0          0          0         80   exit.o
        94          0          0          0          0         80   h1_alloc.o
        52          0          0          0          0         68   h1_extend.o
        78          0          0          0          0         80   h1_free.o
        14          0          0          0          0         84   h1_init.o
         6          0          0          0          0        152   heapauxi.o
         4          0          0          0          0        136   hguard.o
         0          0          0          0          0          0   indicate_semi.o
       138          0          0          0          0        168   init_alloc.o
         2          0          0          0          0          0   libinit.o
        10          0          0          0          0          0   libinit2.o
         2          0          0          0          0          0   libshutdown.o
         2          0          0          0          0          0   libshutdown2.o
         8          4          0          0         96         68   libspace.o
         0          0          0          0          0          0   maybetermalloc1.o
         8          4          0          0          0         68   rt_heap_descriptor_intlibspace.o
       138          0          0          0          0         68   rt_memcpy_v6.o
       100          0          0          0          0         80   rt_memcpy_w.o
         2          0          0          0          0          0   rtexit.o
        10          0          0          0          0          0   rtexit2.o
        12          4          0          0          0         68   sys_exit.o
        74          0          0          0          0         80   sys_stackheap_outer.o
        14          0          0          0          0         76   sys_wrch.o
         2          0          0          0          0         68   use_no_semi.o

    ----------------------------------------------------------------------
      1080         78          0          0        100       1804   Library Totals
         6          0          0          0          4          0   (incl. Padding)

    ----------------------------------------------------------------------

      Code (inc. data)   RO Data    RW Data    ZI Data      Debug   Library Name

      1074         78          0          0         96       1804   c_w.l

    ----------------------------------------------------------------------
      1080         78          0          0        100       1804   Library Totals

    ----------------------------------------------------------------------

==============================================================================


      Code (inc. data)   RO Data    RW Data    ZI Data      Debug   

     13712        948      27020         56      10080     416115   Grand Totals
     13712        948      27020         56      10080     416115   ELF Image Totals
     13712        948      27020         56          0          0   ROM Totals

==============================================================================

    Total RO  Size (Code + RO Data)                40732 (  39.78kB)
    Total RW  Size (RW Data + ZI Data)             10136 (   9.90kB)
    Total ROM Size (Code + RO Data + RW Data)      40788 (  39.83kB)

==============================================================================

